###############################################################################
#
# IAR ELF Linker V7.10.1.6676/W32 for ARM                 25/Feb/2020  18:24:16
# Copyright 2007-2014 IAR Systems AB.
#
#    Output file  =  
#        E:\code\Robin_Nano_SVN\branches\robin_nano_tft35_ºŒ∫Ã»˝Œ¨\mksRobin_Nano_code\EWARM\mksRobin2\Exe\mksRobin2_mini.out
#    Map file     =  
#        E:\code\Robin_Nano_SVN\branches\robin_nano_tft35_ºŒ∫Ã»˝Œ¨\mksRobin_Nano_code\EWARM\mksRobin2/List\mksRobin2_mini.map
#    Command line =  
#        E:\code\Robin_Nano_SVN\branches\robin_nano_tft35_ºŒ∫Ã»˝Œ¨\mksRobin_Nano_code\EWARM\mksRobin2\Obj\adc.o
#        E:\code\Robin_Nano_SVN\branches\robin_nano_tft35_ºŒ∫Ã»˝Œ¨\mksRobin_Nano_code\EWARM\mksRobin2\Obj\at24cxx.o
#        E:\code\Robin_Nano_SVN\branches\robin_nano_tft35_ºŒ∫Ã»˝Œ¨\mksRobin_Nano_code\EWARM\mksRobin2\Obj\bitstream.o
#        E:\code\Robin_Nano_SVN\branches\robin_nano_tft35_ºŒ∫Ã»˝Œ¨\mksRobin_Nano_code\EWARM\mksRobin2\Obj\blinkm.o
#        E:\code\Robin_Nano_SVN\branches\robin_nano_tft35_ºŒ∫Ã»˝Œ¨\mksRobin_Nano_code\EWARM\mksRobin2\Obj\bsp_driver_sd.o
#        E:\code\Robin_Nano_SVN\branches\robin_nano_tft35_ºŒ∫Ã»˝Œ¨\mksRobin_Nano_code\EWARM\mksRobin2\Obj\cardreader.o
#        E:\code\Robin_Nano_SVN\branches\robin_nano_tft35_ºŒ∫Ã»˝Œ¨\mksRobin_Nano_code\EWARM\mksRobin2\Obj\configuration_store.o
#        E:\code\Robin_Nano_SVN\branches\robin_nano_tft35_ºŒ∫Ã»˝Œ¨\mksRobin_Nano_code\EWARM\mksRobin2\Obj\dac_mcp4728.o
#        E:\code\Robin_Nano_SVN\branches\robin_nano_tft35_ºŒ∫Ã»˝Œ¨\mksRobin_Nano_code\EWARM\mksRobin2\Obj\digipot_mcp4451.o
#        E:\code\Robin_Nano_SVN\branches\robin_nano_tft35_ºŒ∫Ã»˝Œ¨\mksRobin_Nano_code\EWARM\mksRobin2\Obj\diskio.o
#        E:\code\Robin_Nano_SVN\branches\robin_nano_tft35_ºŒ∫Ã»˝Œ¨\mksRobin_Nano_code\EWARM\mksRobin2\Obj\dma.o
#        E:\code\Robin_Nano_SVN\branches\robin_nano_tft35_ºŒ∫Ã»˝Œ¨\mksRobin_Nano_code\EWARM\mksRobin2\Obj\draw_about.o
#        E:\code\Robin_Nano_SVN\branches\robin_nano_tft35_ºŒ∫Ã»˝Œ¨\mksRobin_Nano_code\EWARM\mksRobin2\Obj\draw_bind.o
#        E:\code\Robin_Nano_SVN\branches\robin_nano_tft35_ºŒ∫Ã»˝Œ¨\mksRobin_Nano_code\EWARM\mksRobin2\Obj\draw_change_speed.o
#        E:\code\Robin_Nano_SVN\branches\robin_nano_tft35_ºŒ∫Ã»˝Œ¨\mksRobin_Nano_code\EWARM\mksRobin2\Obj\draw_dialog.o
#        E:\code\Robin_Nano_SVN\branches\robin_nano_tft35_ºŒ∫Ã»˝Œ¨\mksRobin_Nano_code\EWARM\mksRobin2\Obj\draw_extrusion.o
#        E:\code\Robin_Nano_SVN\branches\robin_nano_tft35_ºŒ∫Ã»˝Œ¨\mksRobin_Nano_code\EWARM\mksRobin2\Obj\draw_fan.o
#        E:\code\Robin_Nano_SVN\branches\robin_nano_tft35_ºŒ∫Ã»˝Œ¨\mksRobin_Nano_code\EWARM\mksRobin2\Obj\draw_filamentchange.o
#        E:\code\Robin_Nano_SVN\branches\robin_nano_tft35_ºŒ∫Ã»˝Œ¨\mksRobin_Nano_code\EWARM\mksRobin2\Obj\draw_FileTransfer_ui.o
#        E:\code\Robin_Nano_SVN\branches\robin_nano_tft35_ºŒ∫Ã»˝Œ¨\mksRobin_Nano_code\EWARM\mksRobin2\Obj\draw_language.o
#        E:\code\Robin_Nano_SVN\branches\robin_nano_tft35_ºŒ∫Ã»˝Œ¨\mksRobin_Nano_code\EWARM\mksRobin2\Obj\draw_manual_leveling.o
#        E:\code\Robin_Nano_SVN\branches\robin_nano_tft35_ºŒ∫Ã»˝Œ¨\mksRobin_Nano_code\EWARM\mksRobin2\Obj\draw_mesh_leveling.o
#        E:\code\Robin_Nano_SVN\branches\robin_nano_tft35_ºŒ∫Ã»˝Œ¨\mksRobin_Nano_code\EWARM\mksRobin2\Obj\draw_more.o
#        E:\code\Robin_Nano_SVN\branches\robin_nano_tft35_ºŒ∫Ã»˝Œ¨\mksRobin_Nano_code\EWARM\mksRobin2\Obj\draw_move_motor.o
#        E:\code\Robin_Nano_SVN\branches\robin_nano_tft35_ºŒ∫Ã»˝Œ¨\mksRobin_Nano_code\EWARM\mksRobin2\Obj\draw_operate.o
#        E:\code\Robin_Nano_SVN\branches\robin_nano_tft35_ºŒ∫Ã»˝Œ¨\mksRobin_Nano_code\EWARM\mksRobin2\Obj\draw_pause_ui.o
#        E:\code\Robin_Nano_SVN\branches\robin_nano_tft35_ºŒ∫Ã»˝Œ¨\mksRobin_Nano_code\EWARM\mksRobin2\Obj\draw_pre_heat.o
#        E:\code\Robin_Nano_SVN\branches\robin_nano_tft35_ºŒ∫Ã»˝Œ¨\mksRobin_Nano_code\EWARM\mksRobin2\Obj\draw_print_file.o
#        E:\code\Robin_Nano_SVN\branches\robin_nano_tft35_ºŒ∫Ã»˝Œ¨\mksRobin_Nano_code\EWARM\mksRobin2\Obj\draw_printing.o
#        E:\code\Robin_Nano_SVN\branches\robin_nano_tft35_ºŒ∫Ã»˝Œ¨\mksRobin_Nano_code\EWARM\mksRobin2\Obj\draw_printing_moremenu.o
#        E:\code\Robin_Nano_SVN\branches\robin_nano_tft35_ºŒ∫Ã»˝Œ¨\mksRobin_Nano_code\EWARM\mksRobin2\Obj\draw_ready_print.o
#        E:\code\Robin_Nano_SVN\branches\robin_nano_tft35_ºŒ∫Ã»˝Œ¨\mksRobin_Nano_code\EWARM\mksRobin2\Obj\draw_set.o
#        E:\code\Robin_Nano_SVN\branches\robin_nano_tft35_ºŒ∫Ã»˝Œ¨\mksRobin_Nano_code\EWARM\mksRobin2\Obj\draw_tool.o
#        E:\code\Robin_Nano_SVN\branches\robin_nano_tft35_ºŒ∫Ã»˝Œ¨\mksRobin_Nano_code\EWARM\mksRobin2\Obj\draw_ui.o
#        E:\code\Robin_Nano_SVN\branches\robin_nano_tft35_ºŒ∫Ã»˝Œ¨\mksRobin_Nano_code\EWARM\mksRobin2\Obj\draw_wifi.o
#        E:\code\Robin_Nano_SVN\branches\robin_nano_tft35_ºŒ∫Ã»˝Œ¨\mksRobin_Nano_code\EWARM\mksRobin2\Obj\draw_zero.o
#        E:\code\Robin_Nano_SVN\branches\robin_nano_tft35_ºŒ∫Ã»˝Œ¨\mksRobin_Nano_code\EWARM\mksRobin2\Obj\endstops.o
#        E:\code\Robin_Nano_SVN\branches\robin_nano_tft35_ºŒ∫Ã»˝Œ¨\mksRobin_Nano_code\EWARM\mksRobin2\Obj\fatfs.o
#        E:\code\Robin_Nano_SVN\branches\robin_nano_tft35_ºŒ∫Ã»˝Œ¨\mksRobin_Nano_code\EWARM\mksRobin2\Obj\ff.o
#        E:\code\Robin_Nano_SVN\branches\robin_nano_tft35_ºŒ∫Ã»˝Œ¨\mksRobin_Nano_code\EWARM\mksRobin2\Obj\fontHz14.o
#        E:\code\Robin_Nano_SVN\branches\robin_nano_tft35_ºŒ∫Ã»˝Œ¨\mksRobin_Nano_code\EWARM\mksRobin2\Obj\fsmc.o
#        E:\code\Robin_Nano_SVN\branches\robin_nano_tft35_ºŒ∫Ã»˝Œ¨\mksRobin_Nano_code\EWARM\mksRobin2\Obj\G26_Mesh_Validation_Tool.o
#        E:\code\Robin_Nano_SVN\branches\robin_nano_tft35_ºŒ∫Ã»˝Œ¨\mksRobin_Nano_code\EWARM\mksRobin2\Obj\gcode.o
#        E:\code\Robin_Nano_SVN\branches\robin_nano_tft35_ºŒ∫Ã»˝Œ¨\mksRobin_Nano_code\EWARM\mksRobin2\Obj\gpio.o
#        E:\code\Robin_Nano_SVN\branches\robin_nano_tft35_ºŒ∫Ã»˝Œ¨\mksRobin_Nano_code\EWARM\mksRobin2\Obj\hex_print_routines.o
#        E:\code\Robin_Nano_SVN\branches\robin_nano_tft35_ºŒ∫Ã»˝Œ¨\mksRobin_Nano_code\EWARM\mksRobin2\Obj\i2c.o
#        E:\code\Robin_Nano_SVN\branches\robin_nano_tft35_ºŒ∫Ã»˝Œ¨\mksRobin_Nano_code\EWARM\mksRobin2\Obj\id_manage.o
#        E:\code\Robin_Nano_SVN\branches\robin_nano_tft35_ºŒ∫Ã»˝Œ¨\mksRobin_Nano_code\EWARM\mksRobin2\Obj\ili9320.o
#        E:\code\Robin_Nano_SVN\branches\robin_nano_tft35_ºŒ∫Ã»˝Œ¨\mksRobin_Nano_code\EWARM\mksRobin2\Obj\least_squares_fit.o
#        E:\code\Robin_Nano_SVN\branches\robin_nano_tft35_ºŒ∫Ã»˝Œ¨\mksRobin_Nano_code\EWARM\mksRobin2\Obj\M100_Free_Mem_Chk.o
#        E:\code\Robin_Nano_SVN\branches\robin_nano_tft35_ºŒ∫Ã»˝Œ¨\mksRobin_Nano_code\EWARM\mksRobin2\Obj\main.o
#        E:\code\Robin_Nano_SVN\branches\robin_nano_tft35_ºŒ∫Ã»˝Œ¨\mksRobin_Nano_code\EWARM\mksRobin2\Obj\Marlin_main.o
#        E:\code\Robin_Nano_SVN\branches\robin_nano_tft35_ºŒ∫Ã»˝Œ¨\mksRobin_Nano_code\EWARM\mksRobin2\Obj\MarlinSerial.o
#        E:\code\Robin_Nano_SVN\branches\robin_nano_tft35_ºŒ∫Ã»˝Œ¨\mksRobin_Nano_code\EWARM\mksRobin2\Obj\mask.o
#        E:\code\Robin_Nano_SVN\branches\robin_nano_tft35_ºŒ∫Ã»˝Œ¨\mksRobin_Nano_code\EWARM\mksRobin2\Obj\mesh_bed_leveling.o
#        E:\code\Robin_Nano_SVN\branches\robin_nano_tft35_ºŒ∫Ã»˝Œ¨\mksRobin_Nano_code\EWARM\mksRobin2\Obj\misc.o
#        E:\code\Robin_Nano_SVN\branches\robin_nano_tft35_ºŒ∫Ã»˝Œ¨\mksRobin_Nano_code\EWARM\mksRobin2\Obj\mks_cfg.o
#        E:\code\Robin_Nano_SVN\branches\robin_nano_tft35_ºŒ∫Ã»˝Œ¨\mksRobin_Nano_code\EWARM\mksRobin2\Obj\mks_fontHz14.o
#        E:\code\Robin_Nano_SVN\branches\robin_nano_tft35_ºŒ∫Ã»˝Œ¨\mksRobin_Nano_code\EWARM\mksRobin2\Obj\mks_test.o
#        E:\code\Robin_Nano_SVN\branches\robin_nano_tft35_ºŒ∫Ã»˝Œ¨\mksRobin_Nano_code\EWARM\mksRobin2\Obj\mks_touch_screen.o
#        E:\code\Robin_Nano_SVN\branches\robin_nano_tft35_ºŒ∫Ã»˝Œ¨\mksRobin_Nano_code\EWARM\mksRobin2\Obj\mks_variant.o
#        E:\code\Robin_Nano_SVN\branches\robin_nano_tft35_ºŒ∫Ã»˝Œ¨\mksRobin_Nano_code\EWARM\mksRobin2\Obj\mmask.o
#        E:\code\Robin_Nano_SVN\branches\robin_nano_tft35_ºŒ∫Ã»˝Œ¨\mksRobin_Nano_code\EWARM\mksRobin2\Obj\mqrspec.o
#        E:\code\Robin_Nano_SVN\branches\robin_nano_tft35_ºŒ∫Ã»˝Œ¨\mksRobin_Nano_code\EWARM\mksRobin2\Obj\multi_language.o
#        E:\code\Robin_Nano_SVN\branches\robin_nano_tft35_ºŒ∫Ã»˝Œ¨\mksRobin_Nano_code\EWARM\mksRobin2\Obj\mycc936.o
#        E:\code\Robin_Nano_SVN\branches\robin_nano_tft35_ºŒ∫Ã»˝Œ¨\mksRobin_Nano_code\EWARM\mksRobin2\Obj\pic.o
#        E:\code\Robin_Nano_SVN\branches\robin_nano_tft35_ºŒ∫Ã»˝Œ¨\mksRobin_Nano_code\EWARM\mksRobin2\Obj\pic_manager.o
#        E:\code\Robin_Nano_SVN\branches\robin_nano_tft35_ºŒ∫Ã»˝Œ¨\mksRobin_Nano_code\EWARM\mksRobin2\Obj\planner.o
#        E:\code\Robin_Nano_SVN\branches\robin_nano_tft35_ºŒ∫Ã»˝Œ¨\mksRobin_Nano_code\EWARM\mksRobin2\Obj\planner_bezier.o
#        E:\code\Robin_Nano_SVN\branches\robin_nano_tft35_ºŒ∫Ã»˝Œ¨\mksRobin_Nano_code\EWARM\mksRobin2\Obj\Print.o
#        E:\code\Robin_Nano_SVN\branches\robin_nano_tft35_ºŒ∫Ã»˝Œ¨\mksRobin_Nano_code\EWARM\mksRobin2\Obj\printcounter.o
#        E:\code\Robin_Nano_SVN\branches\robin_nano_tft35_ºŒ∫Ã»˝Œ¨\mksRobin_Nano_code\EWARM\mksRobin2\Obj\QR_Encode.o
#        E:\code\Robin_Nano_SVN\branches\robin_nano_tft35_ºŒ∫Ã»˝Œ¨\mksRobin_Nano_code\EWARM\mksRobin2\Obj\qrencode.o
#        E:\code\Robin_Nano_SVN\branches\robin_nano_tft35_ºŒ∫Ã»˝Œ¨\mksRobin_Nano_code\EWARM\mksRobin2\Obj\qrinput.o
#        E:\code\Robin_Nano_SVN\branches\robin_nano_tft35_ºŒ∫Ã»˝Œ¨\mksRobin_Nano_code\EWARM\mksRobin2\Obj\qrspec.o
#        E:\code\Robin_Nano_SVN\branches\robin_nano_tft35_ºŒ∫Ã»˝Œ¨\mksRobin_Nano_code\EWARM\mksRobin2\Obj\RingBuffer.o
#        E:\code\Robin_Nano_SVN\branches\robin_nano_tft35_ºŒ∫Ã»˝Œ¨\mksRobin_Nano_code\EWARM\mksRobin2\Obj\rscode.o
#        E:\code\Robin_Nano_SVN\branches\robin_nano_tft35_ºŒ∫Ã»˝Œ¨\mksRobin_Nano_code\EWARM\mksRobin2\Obj\rtc.o
#        E:\code\Robin_Nano_SVN\branches\robin_nano_tft35_ºŒ∫Ã»˝Œ¨\mksRobin_Nano_code\EWARM\mksRobin2\Obj\sdio_sdcard.o
#        E:\code\Robin_Nano_SVN\branches\robin_nano_tft35_ºŒ∫Ã»˝Œ¨\mksRobin_Nano_code\EWARM\mksRobin2\Obj\serial.o
#        E:\code\Robin_Nano_SVN\branches\robin_nano_tft35_ºŒ∫Ã»˝Œ¨\mksRobin_Nano_code\EWARM\mksRobin2\Obj\servo.o
#        E:\code\Robin_Nano_SVN\branches\robin_nano_tft35_ºŒ∫Ã»˝Œ¨\mksRobin_Nano_code\EWARM\mksRobin2\Obj\spi.o
#        E:\code\Robin_Nano_SVN\branches\robin_nano_tft35_ºŒ∫Ã»˝Œ¨\mksRobin_Nano_code\EWARM\mksRobin2\Obj\spi_flash.o
#        E:\code\Robin_Nano_SVN\branches\robin_nano_tft35_ºŒ∫Ã»˝Œ¨\mksRobin_Nano_code\EWARM\mksRobin2\Obj\split.o
#        E:\code\Robin_Nano_SVN\branches\robin_nano_tft35_ºŒ∫Ã»˝Œ¨\mksRobin_Nano_code\EWARM\mksRobin2\Obj\startup_stm32f103xe.o
#        E:\code\Robin_Nano_SVN\branches\robin_nano_tft35_ºŒ∫Ã»˝Œ¨\mksRobin_Nano_code\EWARM\mksRobin2\Obj\stepper.o
#        E:\code\Robin_Nano_SVN\branches\robin_nano_tft35_ºŒ∫Ã»˝Œ¨\mksRobin_Nano_code\EWARM\mksRobin2\Obj\stepper_dac.o
#        E:\code\Robin_Nano_SVN\branches\robin_nano_tft35_ºŒ∫Ã»˝Œ¨\mksRobin_Nano_code\EWARM\mksRobin2\Obj\stepper_indirection.o
#        E:\code\Robin_Nano_SVN\branches\robin_nano_tft35_ºŒ∫Ã»˝Œ¨\mksRobin_Nano_code\EWARM\mksRobin2\Obj\stm32f10x_flash.o
#        E:\code\Robin_Nano_SVN\branches\robin_nano_tft35_ºŒ∫Ã»˝Œ¨\mksRobin_Nano_code\EWARM\mksRobin2\Obj\stm32f10x_fsmc.o
#        E:\code\Robin_Nano_SVN\branches\robin_nano_tft35_ºŒ∫Ã»˝Œ¨\mksRobin_Nano_code\EWARM\mksRobin2\Obj\stm32f10x_gpio.o
#        E:\code\Robin_Nano_SVN\branches\robin_nano_tft35_ºŒ∫Ã»˝Œ¨\mksRobin_Nano_code\EWARM\mksRobin2\Obj\stm32f10x_spi.o
#        E:\code\Robin_Nano_SVN\branches\robin_nano_tft35_ºŒ∫Ã»˝Œ¨\mksRobin_Nano_code\EWARM\mksRobin2\Obj\stm32f10x_usart.o
#        E:\code\Robin_Nano_SVN\branches\robin_nano_tft35_ºŒ∫Ã»˝Œ¨\mksRobin_Nano_code\EWARM\mksRobin2\Obj\stm32f1xx_hal.o
#        E:\code\Robin_Nano_SVN\branches\robin_nano_tft35_ºŒ∫Ã»˝Œ¨\mksRobin_Nano_code\EWARM\mksRobin2\Obj\stm32f1xx_hal_adc.o
#        E:\code\Robin_Nano_SVN\branches\robin_nano_tft35_ºŒ∫Ã»˝Œ¨\mksRobin_Nano_code\EWARM\mksRobin2\Obj\stm32f1xx_hal_adc_ex.o
#        E:\code\Robin_Nano_SVN\branches\robin_nano_tft35_ºŒ∫Ã»˝Œ¨\mksRobin_Nano_code\EWARM\mksRobin2\Obj\stm32f1xx_hal_cortex.o
#        E:\code\Robin_Nano_SVN\branches\robin_nano_tft35_ºŒ∫Ã»˝Œ¨\mksRobin_Nano_code\EWARM\mksRobin2\Obj\stm32f1xx_hal_dma.o
#        E:\code\Robin_Nano_SVN\branches\robin_nano_tft35_ºŒ∫Ã»˝Œ¨\mksRobin_Nano_code\EWARM\mksRobin2\Obj\stm32f1xx_hal_gpio.o
#        E:\code\Robin_Nano_SVN\branches\robin_nano_tft35_ºŒ∫Ã»˝Œ¨\mksRobin_Nano_code\EWARM\mksRobin2\Obj\stm32f1xx_hal_i2c.o
#        E:\code\Robin_Nano_SVN\branches\robin_nano_tft35_ºŒ∫Ã»˝Œ¨\mksRobin_Nano_code\EWARM\mksRobin2\Obj\stm32f1xx_hal_msp.o
#        E:\code\Robin_Nano_SVN\branches\robin_nano_tft35_ºŒ∫Ã»˝Œ¨\mksRobin_Nano_code\EWARM\mksRobin2\Obj\stm32f1xx_hal_pwr.o
#        E:\code\Robin_Nano_SVN\branches\robin_nano_tft35_ºŒ∫Ã»˝Œ¨\mksRobin_Nano_code\EWARM\mksRobin2\Obj\stm32f1xx_hal_rcc.o
#        E:\code\Robin_Nano_SVN\branches\robin_nano_tft35_ºŒ∫Ã»˝Œ¨\mksRobin_Nano_code\EWARM\mksRobin2\Obj\stm32f1xx_hal_rcc_ex.o
#        E:\code\Robin_Nano_SVN\branches\robin_nano_tft35_ºŒ∫Ã»˝Œ¨\mksRobin_Nano_code\EWARM\mksRobin2\Obj\stm32f1xx_hal_rtc.o
#        E:\code\Robin_Nano_SVN\branches\robin_nano_tft35_ºŒ∫Ã»˝Œ¨\mksRobin_Nano_code\EWARM\mksRobin2\Obj\stm32f1xx_hal_rtc_ex.o
#        E:\code\Robin_Nano_SVN\branches\robin_nano_tft35_ºŒ∫Ã»˝Œ¨\mksRobin_Nano_code\EWARM\mksRobin2\Obj\stm32f1xx_hal_sd.o
#        E:\code\Robin_Nano_SVN\branches\robin_nano_tft35_ºŒ∫Ã»˝Œ¨\mksRobin_Nano_code\EWARM\mksRobin2\Obj\stm32f1xx_hal_spi.o
#        E:\code\Robin_Nano_SVN\branches\robin_nano_tft35_ºŒ∫Ã»˝Œ¨\mksRobin_Nano_code\EWARM\mksRobin2\Obj\stm32f1xx_hal_spi_ex.o
#        E:\code\Robin_Nano_SVN\branches\robin_nano_tft35_ºŒ∫Ã»˝Œ¨\mksRobin_Nano_code\EWARM\mksRobin2\Obj\stm32f1xx_hal_sram.o
#        E:\code\Robin_Nano_SVN\branches\robin_nano_tft35_ºŒ∫Ã»˝Œ¨\mksRobin_Nano_code\EWARM\mksRobin2\Obj\stm32f1xx_hal_tim.o
#        E:\code\Robin_Nano_SVN\branches\robin_nano_tft35_ºŒ∫Ã»˝Œ¨\mksRobin_Nano_code\EWARM\mksRobin2\Obj\stm32f1xx_hal_tim_ex.o
#        E:\code\Robin_Nano_SVN\branches\robin_nano_tft35_ºŒ∫Ã»˝Œ¨\mksRobin_Nano_code\EWARM\mksRobin2\Obj\stm32f1xx_hal_uart.o
#        E:\code\Robin_Nano_SVN\branches\robin_nano_tft35_ºŒ∫Ã»˝Œ¨\mksRobin_Nano_code\EWARM\mksRobin2\Obj\stm32f1xx_it.o
#        E:\code\Robin_Nano_SVN\branches\robin_nano_tft35_ºŒ∫Ã»˝Œ¨\mksRobin_Nano_code\EWARM\mksRobin2\Obj\stm32f1xx_ll_fsmc.o
#        E:\code\Robin_Nano_SVN\branches\robin_nano_tft35_ºŒ∫Ã»˝Œ¨\mksRobin_Nano_code\EWARM\mksRobin2\Obj\stm32f1xx_ll_sdmmc.o
#        E:\code\Robin_Nano_SVN\branches\robin_nano_tft35_ºŒ∫Ã»˝Œ¨\mksRobin_Nano_code\EWARM\mksRobin2\Obj\stmflash.o
#        E:\code\Robin_Nano_SVN\branches\robin_nano_tft35_ºŒ∫Ã»˝Œ¨\mksRobin_Nano_code\EWARM\mksRobin2\Obj\stopwatch.o
#        E:\code\Robin_Nano_SVN\branches\robin_nano_tft35_ºŒ∫Ã»˝Œ¨\mksRobin_Nano_code\EWARM\mksRobin2\Obj\Stream.o
#        E:\code\Robin_Nano_SVN\branches\robin_nano_tft35_ºŒ∫Ã»˝Œ¨\mksRobin_Nano_code\EWARM\mksRobin2\Obj\string_deal.o
#        E:\code\Robin_Nano_SVN\branches\robin_nano_tft35_ºŒ∫Ã»˝Œ¨\mksRobin_Nano_code\EWARM\mksRobin2\Obj\syscall.o
#        E:\code\Robin_Nano_SVN\branches\robin_nano_tft35_ºŒ∫Ã»˝Œ¨\mksRobin_Nano_code\EWARM\mksRobin2\Obj\system_stm32f1xx.o
#        E:\code\Robin_Nano_SVN\branches\robin_nano_tft35_ºŒ∫Ã»˝Œ¨\mksRobin_Nano_code\EWARM\mksRobin2\Obj\temperature.o
#        E:\code\Robin_Nano_SVN\branches\robin_nano_tft35_ºŒ∫Ã»˝Œ¨\mksRobin_Nano_code\EWARM\mksRobin2\Obj\tim.o
#        E:\code\Robin_Nano_SVN\branches\robin_nano_tft35_ºŒ∫Ã»˝Œ¨\mksRobin_Nano_code\EWARM\mksRobin2\Obj\twibus.o
#        E:\code\Robin_Nano_SVN\branches\robin_nano_tft35_ºŒ∫Ã»˝Œ¨\mksRobin_Nano_code\EWARM\mksRobin2\Obj\ubl.o
#        E:\code\Robin_Nano_SVN\branches\robin_nano_tft35_ºŒ∫Ã»˝Œ¨\mksRobin_Nano_code\EWARM\mksRobin2\Obj\ubl_G29.o
#        E:\code\Robin_Nano_SVN\branches\robin_nano_tft35_ºŒ∫Ã»˝Œ¨\mksRobin_Nano_code\EWARM\mksRobin2\Obj\ubl_motion.o
#        E:\code\Robin_Nano_SVN\branches\robin_nano_tft35_ºŒ∫Ã»˝Œ¨\mksRobin_Nano_code\EWARM\mksRobin2\Obj\usart.o
#        E:\code\Robin_Nano_SVN\branches\robin_nano_tft35_ºŒ∫Ã»˝Œ¨\mksRobin_Nano_code\EWARM\mksRobin2\Obj\USARTClass.o
#        E:\code\Robin_Nano_SVN\branches\robin_nano_tft35_ºŒ∫Ã»˝Œ¨\mksRobin_Nano_code\EWARM\mksRobin2\Obj\utility.o
#        E:\code\Robin_Nano_SVN\branches\robin_nano_tft35_ºŒ∫Ã»˝Œ¨\mksRobin_Nano_code\EWARM\mksRobin2\Obj\vector_3.o
#        E:\code\Robin_Nano_SVN\branches\robin_nano_tft35_ºŒ∫Ã»˝Œ¨\mksRobin_Nano_code\EWARM\mksRobin2\Obj\watchdog.o
#        E:\code\Robin_Nano_SVN\branches\robin_nano_tft35_ºŒ∫Ã»˝Œ¨\mksRobin_Nano_code\EWARM\mksRobin2\Obj\wifi_module.o
#        E:\code\Robin_Nano_SVN\branches\robin_nano_tft35_ºŒ∫Ã»˝Œ¨\mksRobin_Nano_code\EWARM\mksRobin2\Obj\wifi_upload.o
#        E:\code\Robin_Nano_SVN\branches\robin_nano_tft35_ºŒ∫Ã»˝Œ¨\mksRobin_Nano_code\EWARM\mksRobin2\Obj\WMath.o
#        E:\code\Robin_Nano_SVN\branches\robin_nano_tft35_ºŒ∫Ã»˝Œ¨\mksRobin_Nano_code\EWARM\mksRobin2\Obj\WString.o
#        --redirect _Printf=_PrintfFull --redirect _Scanf=_ScanfFull -o
#        E:\code\Robin_Nano_SVN\branches\robin_nano_tft35_ºŒ∫Ã»˝Œ¨\mksRobin_Nano_code\EWARM\mksRobin2\Exe\mksRobin2_mini.out
#        --map
#        E:\code\Robin_Nano_SVN\branches\robin_nano_tft35_ºŒ∫Ã»˝Œ¨\mksRobin_Nano_code\EWARM\mksRobin2/List\mksRobin2_mini.map
#        --log
#        libraries,initialization,modules,redirects,sections,veneers,unused_fragments
#        --log_file
#        E:\code\Robin_Nano_SVN\branches\robin_nano_tft35_ºŒ∫Ã»˝Œ¨\mksRobin_Nano_code\EWARM\mksRobin2/List\mksRobin2_mini.log
#        --config
#        E:\code\Robin_Nano_SVN\branches\robin_nano_tft35_ºŒ∫Ã»˝Œ¨\mksRobin_Nano_code\EWARM\stm32f103xe_flash.icf
#        --semihosting
#        E:\code\Robin_Nano_SVN\branches\robin_nano_tft35_ºŒ∫Ã»˝Œ¨\mksRobin_Nano_code\EWARM\..\Middlewares\GUI\GUI.a
#        --entry __iar_program_start --vfe
#
###############################################################################

*******************************************************************************
*** RUNTIME MODEL ATTRIBUTES
***

CppFlavor                     = *
__CPP_Language                = EC++
__Heap_Handler                = DLMalloc
__SystemLibrary               = DLib
__dlib_dynamic_initialization = normal


*******************************************************************************
*** PLACEMENT SUMMARY
***

"A1":  place at 0x08007000 { ro section .intvec };
"P1":  place in [from 0x08007000 to 0x0807ffff] { ro };
"P2":  place in [from 0x20000000 to 0x2000ffff] { rw, block CSTACK, block HEAP };

  Section             Kind        Address     Size  Object
  -------             ----        -------     ----  ------
"A1":                                        0x130
  .intvec             ro code  0x08007000    0x130  startup_stm32f103xe.o [1]
                             - 0x08007130    0x130

"P1":                                      0x5bfc1
  .rodata             const    0x08007130   0x870c  fontHz14.o [1]
  .text               ro code  0x0800f83c   0x6eb8  Marlin_main.o [1]
  .text               ro code  0x080166f4    0x76c  cardreader.o [1]
  .text               ro code  0x08016e60    0xbe4  ubl.o [1]
  .text               ro code  0x08017a44     0xec  stopwatch.o [1]
  .text               ro code  0x08017b30     0xfc  FltDiv.o [5]
  .text               ro code  0x08017c2c     0xd8  FltMul.o [5]
  .text               ro code  0x08017d04     0xe6  FltSub.o [5]
  .text               ro code  0x08017dea     0x22  zero_init3.o [6]
  .text               ro code  0x08017e0c     0x84  FltAdd.o [5]
  .text               ro code  0x08017e90     0x38  Marlin_main.o [1]
  .text               ro code  0x08017ec8      0xc  Marlin_main.o [1]
  .text               ro code  0x08017ed4     0x6c  strncpy_unaligned.o [6]
  .text               ro code  0x08017f40     0x44  Marlin_main.o [1]
  .text               ro code  0x08017f84     0x1c  vector_3.o [1]
  .text               ro code  0x08017fa0    0x114  serial.o [1]
  .text               ro code  0x080180b4    0x2d8  USARTClass.o [1]
  .text               ro code  0x0801838c    0x22c  Print.o [1]
  .text               ro code  0x080185b8    0x228  Marlin_main.o [1]
  .text               ro code  0x080187e0    0x11c  Marlin_main.o [1]
  .text               ro code  0x080188fc    0x200  Marlin_main.o [1]
  .text               ro code  0x08018afc     0x16  ubl_G29.o [1]
  .text               ro code  0x08018b12     0x22  Marlin_main.o [1]
  .text               ro code  0x08018b34     0x24  FltCmpLe.o [5]
  .text               ro code  0x08018b58     0x10  Marlin_main.o [1]
  .text               ro code  0x08018b68     0x1c  FltCmpEq.o [5]
  .text               ro code  0x08018b84     0x32  I32ToFlt.o [5]
  .text               ro code  0x08018bb6      0xa  xsprout.o [4]
  .text               ro code  0x08018bc0     0x4e  FltToDbl.o [5]
  .rodata             const    0x08018c0e      0x2  Marlin_main.o [1]
  .text               ro code  0x08018c10    0x1a2  DblMul.o [5]
  .text               ro code  0x08018db4     0x90  DblToFlt.o [5]
  .text               ro code  0x08018e44     0xc0  Marlin_main.o [1]
  .text               ro code  0x08018f04     0x14  ubl_motion.o [1]
  .text               ro code  0x08018f18    0x178  Marlin_main.o [1]
  .text               ro code  0x08019090     0x14  Marlin_main.o [1]
  .text               ro code  0x080190a4     0x24  Marlin_main.o [1]
  .text               ro code  0x080190c8    0xcc8  stepper.o [1]
  .text               ro code  0x08019d90     0x5e  utility.o [1]
  .text               ro code  0x08019df0    0x2ec  stm32f1xx_hal_gpio.o [1]
  .text               ro code  0x0801a0dc     0x38  Marlin_main.o [1]
  .text               ro code  0x0801a114      0xc  Marlin_main.o [1]
  .text               ro code  0x0801a120      0xc  Marlin_main.o [1]
  .text               ro code  0x0801a12c     0x38  ubl_G29.o [1]
  .text               ro code  0x0801a164     0xb8  ubl_G29.o [1]
  .text               ro code  0x0801a21c     0xb8  ubl_motion.o [1]
  .text               ro code  0x0801a2d4     0x2a  xfdtest.o [5]
  .text               ro code  0x0801a2fe      0x2  Marlin_main.o [1]
  .text               ro code  0x0801a300   0x1a14  planner.o [1]
  .text               ro code  0x0801bd14     0x58  ubl.o [1]
  .text               ro code  0x0801bd6c     0x62  memcmp_unaligned.o [6]
  .text               ro code  0x0801bdd0    0x4cc  mesh_bed_leveling.o [1]
  .text               ro code  0x0801c29c    0x418  vector_3.o [1]
  .text               ro code  0x0801c6b4     0x24  FltCmpGe.o [5]
  .text               ro code  0x0801c6d8     0x30  I32ToDbl.o [5]
  .text               ro code  0x0801c708    0x246  DblDiv.o [5]
  .text               ro code  0x0801c950     0x40  Marlin_main.o [1]
  .text               ro code  0x0801c990      0xc  Marlin_main.o [1]
  .text               ro code  0x0801c99c     0x64  Marlin_main.o [1]
  .text               ro code  0x0801ca00      0xc  Marlin_main.o [1]
  .text               ro code  0x0801ca0c      0xc  Marlin_main.o [1]
  .text               ro code  0x0801ca18    0x180  DblSub.o [5]
  .text               ro code  0x0801cb98     0x4c  ubl_G29.o [1]
  .text               ro code  0x0801cbe4      0x4  Marlin_main.o [1]
  .text               ro code  0x0801cbe8     0x16  Marlin_main.o [1]
  .text               ro code  0x0801cbfe      0x4  Marlin_main.o [1]
  .text               ro code  0x0801cc04     0x74  stm32f1xx_hal.o [1]
  .text               ro code  0x0801cc78     0xe8  DblAdd.o [5]
  .text               ro code  0x0801cd60     0xf0  sqrt.o [5]
  .text               ro code  0x0801ce50    0x198  Marlin_main.o [1]
  .text               ro code  0x0801cfe8      0x4  ubl_motion.o [1]
  .text               ro code  0x0801cfec      0xc  temperature.o [1]
  .text               ro code  0x0801cff8     0x48  Marlin_main.o [1]
  .text               ro code  0x0801d040     0x76  ABImemcpy_unaligned.o [6]
  .text               ro code  0x0801d0b6     0x28  Marlin_main.o [1]
  .text               ro code  0x0801d0de     0x18  Marlin_main.o [1]
  .text               ro code  0x0801d0f8    0x258  Marlin_main.o [1]
  .text               ro code  0x0801d350     0x48  Marlin_main.o [1]
  .text               ro code  0x0801d398   0x122c  G26_Mesh_Validation_Tool.o [1]
  .text               ro code  0x0801e5c4      0x4  Marlin_main.o [1]
  .text               ro code  0x0801e5c8    0x2a0  Marlin_main.o [1]
  .text               ro code  0x0801e868   0x2484  configuration_store.o [1]
  .text               ro code  0x08020cec    0xda0  Marlin_main.o [1]
  .text               ro code  0x08021a8c      0x4  Marlin_main.o [1]
  .text               ro code  0x08021a90    0x104  Marlin_main.o [1]
  .text               ro code  0x08021b94     0xa0  Marlin_main.o [1]
  .text               ro code  0x08021c34    0x18c  Marlin_main.o [1]
  .text               ro code  0x08021dc0     0x18  Marlin_main.o [1]
  .text               ro code  0x08021dd8     0x24  Marlin_main.o [1]
  .text               ro code  0x08021dfc      0xc  Marlin_main.o [1]
  .text               ro code  0x08021e08     0x44  Marlin_main.o [1]
  .text               ro code  0x08021e4c     0x2c  Marlin_main.o [1]
  .text               ro code  0x08021e78    0xaf4  draw_ui.o [1]
  .text               ro code  0x0802296c   0x1094  draw_printing.o [1]
  .text               ro code  0x08023a00     0x20  Marlin_main.o [1]
  .text               ro code  0x08023a20     0x70  Marlin_main.o [1]
  .text               ro code  0x08023a90     0x2c  Marlin_main.o [1]
  .text               ro code  0x08023abc      0xc  Marlin_main.o [1]
  .text               ro code  0x08023ac8     0x18  Marlin_main.o [1]
  .text               ro code  0x08023ae0      0x2  Marlin_main.o [1]
  .text               ro code  0x08023ae4     0x2c  Marlin_main.o [1]
  .text               ro code  0x08023b10     0x68  Marlin_main.o [1]
  .text               ro code  0x08023b78     0x14  Marlin_main.o [1]
  .text               ro code  0x08023b8c     0x4c  Marlin_main.o [1]
  .text               ro code  0x08023bd8     0x7c  Marlin_main.o [1]
  .text               ro code  0x08023c54     0x40  Marlin_main.o [1]
  .text               ro code  0x08023c94      0xc  Marlin_main.o [1]
  .text               ro code  0x08023ca0      0xc  Marlin_main.o [1]
  .text               ro code  0x08023cac      0xc  Marlin_main.o [1]
  .text               ro code  0x08023cb8     0xe4  Marlin_main.o [1]
  .text               ro code  0x08023d9c     0x1c  Marlin_main.o [1]
  .text               ro code  0x08023db8     0x88  Marlin_main.o [1]
  .text               ro code  0x08023e40      0xc  Marlin_main.o [1]
  .text               ro code  0x08023e4c      0xc  Marlin_main.o [1]
  .text               ro code  0x08023e58      0x4  Marlin_main.o [1]
  .text               ro code  0x08023e5c     0x4c  Marlin_main.o [1]
  .text               ro code  0x08023ea8     0x28  Marlin_main.o [1]
  .text               ro code  0x08023ed0     0x2c  Marlin_main.o [1]
  .text               ro code  0x08023efc     0x24  Marlin_main.o [1]
  .text               ro code  0x08023f20    0x240  Marlin_main.o [1]
  .text               ro code  0x08024160    0x194  Marlin_main.o [1]
  .text               ro code  0x080242f4     0x3c  Marlin_main.o [1]
  .text               ro code  0x08024330     0x24  Marlin_main.o [1]
  .text               ro code  0x08024354     0x2c  Marlin_main.o [1]
  .text               ro code  0x08024380      0xc  Marlin_main.o [1]
  .text               ro code  0x0802438c      0xc  Marlin_main.o [1]
  .text               ro code  0x08024398    0x10c  Marlin_main.o [1]
  .text               ro code  0x080244a4     0x1c  Marlin_main.o [1]
  .text               ro code  0x080244c0     0xc8  Marlin_main.o [1]
  .text               ro code  0x08024588      0xe  Marlin_main.o [1]
  .text               ro code  0x08024598     0xb8  Marlin_main.o [1]
  .text               ro code  0x08024650     0x10  Marlin_main.o [1]
  .text               ro code  0x08024660     0x4c  Marlin_main.o [1]
  .text               ro code  0x080246ac      0x4  Marlin_main.o [1]
  .text               ro code  0x080246b0      0x6  Marlin_main.o [1]
  .text               ro code  0x080246b6      0x6  Marlin_main.o [1]
  .text               ro code  0x080246bc     0x54  Marlin_main.o [1]
  .text               ro code  0x08024710     0x5c  Marlin_main.o [1]
  .text               ro code  0x0802476c     0x50  Marlin_main.o [1]
  .text               ro code  0x080247bc     0xb4  Marlin_main.o [1]
  .text               ro code  0x08024870     0x94  Marlin_main.o [1]
  .text               ro code  0x08024904     0x78  Marlin_main.o [1]
  .text               ro code  0x0802497c     0x98  Marlin_main.o [1]
  .text               ro code  0x08024a14     0x50  Marlin_main.o [1]
  .text               ro code  0x08024a64     0x4c  Marlin_main.o [1]
  .text               ro code  0x08024ab0     0xe4  Marlin_main.o [1]
  .text               ro code  0x08024b94     0xcc  Marlin_main.o [1]
  .text               ro code  0x08024c60     0x1c  Marlin_main.o [1]
  .text               ro code  0x08024c7c     0x38  Marlin_main.o [1]
  .text               ro code  0x08024cb4     0x94  Marlin_main.o [1]
  .text               ro code  0x08024d48     0xa0  Marlin_main.o [1]
  .text               ro code  0x08024de8    0x104  Marlin_main.o [1]
  .text               ro code  0x08024eec     0xd0  Marlin_main.o [1]
  .text               ro code  0x08024fbc     0xa0  Marlin_main.o [1]
  .text               ro code  0x0802505c     0x94  Marlin_main.o [1]
  .text               ro code  0x080250f0     0x18  Marlin_main.o [1]
  .text               ro code  0x08025108     0x18  Marlin_main.o [1]
  .text               ro code  0x08025120     0x18  Marlin_main.o [1]
  .text               ro code  0x08025138     0x18  Marlin_main.o [1]
  .text               ro code  0x08025150     0x18  Marlin_main.o [1]
  .text               ro code  0x08025168      0x4  Marlin_main.o [1]
  .text               ro code  0x0802516c      0x6  Marlin_main.o [1]
  .text               ro code  0x08025172      0x6  Marlin_main.o [1]
  .text               ro code  0x08025178    0x224  Marlin_main.o [1]
  .text               ro code  0x0802539c    0x108  Marlin_main.o [1]
  .text               ro code  0x080254a4     0xcc  Marlin_main.o [1]
  .text               ro code  0x08025570    0x108  Marlin_main.o [1]
  .text               ro code  0x08025678     0xd8  Marlin_main.o [1]
  .text               ro code  0x08025750      0x4  Marlin_main.o [1]
  .text               ro code  0x08025754      0x4  Marlin_main.o [1]
  .text               ro code  0x08025758      0x4  Marlin_main.o [1]
  .text               ro code  0x0802575c     0x24  Marlin_main.o [1]
  .text               ro code  0x08025780     0x70  Marlin_main.o [1]
  .text               ro code  0x080257f0      0x2  Marlin_main.o [1]
  .text               ro code  0x080257f4     0x1c  Marlin_main.o [1]
  .text               ro code  0x08025810     0x24  Marlin_main.o [1]
  .text               ro code  0x08025834     0x3c  Marlin_main.o [1]
  .text               ro code  0x08025870    0x224  gcode.o [1]
  .text               ro code  0x08025a94     0x72  sqrtf.o [5]
  .text               ro code  0x08025b08     0x34  floorf.o [5]
  .text               ro code  0x08025b3c     0x44  FltToS32.o [5]
  .text               ro code  0x08025b80      0x6  cos.o [5]
  .text               ro code  0x08025b86      0x6  sin.o [5]
  .text               ro code  0x08025b8c      0xc  memcpy.o [4]
  .text               ro code  0x08025b98    0x168  planner.o [1]
  .text               ro code  0x08025d00    0x164  planner.o [1]
  .text               ro code  0x08025e64     0x24  Marlin_main.o [1]
  .text               ro code  0x08025e88     0x3c  planner.o [1]
  .text               ro code  0x08025ec4   0x17b8  ubl_motion.o [1]
  .text               ro code  0x0802767c    0x478  Marlin_main.o [1]
  .text               ro code  0x08027af4    0x108  Marlin_main.o [1]
  .text               ro code  0x08027bfc     0xca  atan2f.o [5]
  .text               ro code  0x08027cc6      0x6  cosf.o [5]
  .text               ro code  0x08027ccc      0x6  sinf.o [5]
  .text               ro code  0x08027cd4   0x1c88  temperature.o [1]
  .text               ro code  0x0802995c     0x18  planner.o [1]
  .text               ro code  0x08029974     0xec  GUICore.o [3]
  .text               ro code  0x08029a60    0x10c  GUI_UC_EncodeUTF8.o [3]
  .text               ro code  0x08029b6c      0x2  temperature.o [1]
  .text               ro code  0x08029b70   0x1f68  wifi_module.o [1]
  .text               ro code  0x0802bad8     0xf4  GUI_TOUCH_DriverAnalog.o [3]
  .text               ro code  0x0802bbcc     0x3c  GUI_Exec.o [3]
  .text               ro code  0x0802bc08      0x6  ABImemclr4.o [6]
  .text               ro code  0x0802bc0e      0x8  GUI_SetColor.o [3]
  .text               ro code  0x0802bc18     0x34  sprintf.o [4]
  .text               ro code  0x0802bc4c     0x10  GUI_DispStringAt.o [3]
  .text               ro code  0x0802bc5c     0x14  memset.o [4]
  .text               ro code  0x0802bc70      0x2  Marlin_main.o [1]
  .text               ro code  0x0802bc74    0xb24  main.o [1]
  .text               ro code  0x0802c798      0x4  WString.o [1]
  .text               ro code  0x0802c79c    0xc60  endstops.o [1]
  .text               ro code  0x0802d3fc     0x58  DblToI32.o [5]
  .text               ro code  0x0802d454   0x2ee4  mks_cfg.o [1]
  .text               ro code  0x08030338      0x2  Marlin_main.o [1]
  .text               ro code  0x0803033a     0x1c  strcat.o [4]
  .text               ro code  0x08030358     0x44  strcpy_unaligned.o [6]
  .text               ro code  0x0803039c      0x8  Marlin_main.o [1]
  .text               ro code  0x080303a4      0x4  WString.o [1]
  .text               ro code  0x080303a8      0x8  atof.o [5]
  .text               ro code  0x080303b0      0x8  abs.o [4]
  .text               ro code  0x080303b8     0x10  Marlin_main.o [1]
  .text               ro code  0x080303c8    0xef8  draw_dialog.o [1]
  .text               ro code  0x080312c0    0x320  tim.o [1]
  .text               ro code  0x080315e0    0x2ec  at24cxx.o [1]
  .text               ro code  0x080318cc    0xa18  draw_ready_print.o [1]
  .text               ro code  0x080322e4   0x250c  ff.o [1]
  .text               ro code  0x080347f0     0x42  strcmp_unaligned.o [6]
  .text               ro code  0x08034832      0x8  atoi.o [4]
  .text               ro code  0x0803483a      0x8  cardreader.o [1]
  .text               ro code  0x08034842      0x4  draw_ui.o [1]
  .text               ro code  0x08034848     0x36  strlen.o [6]
  .text               ro code  0x08034880    0x168  ubl_motion.o [1]
  .text               ro code  0x080349e8    0x164  ubl_motion.o [1]
  .text               ro code  0x08034b4c     0x66  ABImemset.o [6]
  .text               ro code  0x08034bb4     0x28  Marlin_main.o [1]
  .text               ro code  0x08034bdc     0x38  RingBuffer.o [1]
  .text               ro code  0x08034c14      0x4  USARTClass.o [1]
  .text               ro code  0x08034c18     0xd0  stm32f10x_usart.o [1]
  .text               ro code  0x08034ce8     0x24  Print.o [1]
  .text               ro code  0x08034d0c     0x32  xdtest.o [5]
  .text               ro code  0x08034d40     0x2e  DblCmpGe.o [5]
  .text               ro code  0x08034d70     0x2e  DblCmpLe.o [5]
  .text               ro code  0x08034d9e      0x6  strtol.o [4]
  .text               ro code  0x08034da4      0x4  WString.o [1]
  .text               ro code  0x08034da8     0x10  Marlin_main.o [1]
  .text               ro code  0x08034db8     0x12  Marlin_main.o [1]
  .text               ro code  0x08034dcc   0x1934  sdio_sdcard.o [1]
  .text               ro code  0x08036700     0x2e  mks_cfg.o [1]
  .text               ro code  0x08036730     0x14  ubl_G29.o [1]
  .text               ro code  0x08036744     0x18  ubl_G29.o [1]
  .text               ro code  0x0803675c      0xa  Marlin_main.o [1]
  .text               ro code  0x08036768     0x40  lroundf.o [5]
  .text               ro code  0x080367a8    0x682  stm32f1xx_hal_tim.o [1]
  .text               ro code  0x08036e2c     0x1c  stepper.o [1]
  .text               ro code  0x08036e48     0x1c  stepper.o [1]
  .text               ro code  0x08036e64     0x38  stepper.o [1]
  .text               ro code  0x08036e9c     0x2c  stepper.o [1]
  .text               ro code  0x08036ec8     0x70  stepper.o [1]
  .text               ro code  0x08036f38     0x54  stepper.o [1]
  .text               ro code  0x08036f8c      0xc  stepper.o [1]
  .text               ro code  0x08036f98     0x10  stepper.o [1]
  .text               ro code  0x08036fa8     0x32  ceilf.o [5]
  .text               ro code  0x08036fdc     0x24  FltToU32.o [5]
  .text               ro code  0x08037000     0x94  planner.o [1]
  .text               ro code  0x08037094     0xae  planner.o [1]
  .text               ro code  0x08037142     0x4e  planner.o [1]
  .text               ro code  0x08037190     0x14  planner.o [1]
  .text               ro code  0x080371a4      0x8  planner.o [1]
  .text               ro code  0x080371ac      0x8  planner.o [1]
  .text               ro code  0x080371b4     0x10  temperature.o [1]
  .text               ro code  0x080371c4     0x1c  planner.o [1]
  .text               ro code  0x080371e0     0x98  planner.o [1]
  .text               ro code  0x08037278     0x4c  planner.o [1]
  .text               ro code  0x080372c4     0xf8  ubl_G29.o [1]
  .text               ro code  0x080373bc     0x98  planner.o [1]
  .text               ro code  0x08037454      0x8  labs.o [4]
  .text               ro code  0x0803745c     0x54  lround.o [5]
  .text               ro code  0x080374b0      0x4  planner.o [1]
  .text               ro code  0x080374b4      0x4  planner.o [1]
  .text               ro code  0x080374b8     0x10  ubl.o [1]
  .text               ro code  0x080374c8     0x50  ubl_G29.o [1]
  .text               ro code  0x08037518    0x126  stm32f1xx_hal_cortex.o [1]
  .text               ro code  0x08037640     0x88  stm32f1xx_hal_msp.o [1]
  .text               ro code  0x080376c8    0x52a  stm32f1xx_hal_rcc.o [1]
  .text               ro code  0x08037bf4      0xc  iarEdom.o [6]
  .text               ro code  0x08037c00     0x9c  Marlin_main.o [1]
  .text               ro code  0x08037c9c     0x14  Marlin_main.o [1]
  .text               ro code  0x08037cb0      0x2  Marlin_main.o [1]
  .text               ro code  0x08037cb2      0x4  Marlin_main.o [1]
  .text               ro code  0x08037cb8     0x18  Marlin_main.o [1]
  .text               ro code  0x08037cd0      0x4  Marlin_main.o [1]
  .text               ro code  0x08037cd4      0xc  G26_Mesh_Validation_Tool.o [1]
  .text               ro code  0x08037ce0     0xe0  rand.o [4]
  .text               ro code  0x08037dc0      0xc  ubl_G29.o [1]
  .text               ro code  0x08037dcc    0x13c  ubl_motion.o [1]
  .text               ro code  0x08037f08    0x138  ubl_motion.o [1]
  .text               ro code  0x08038040     0x16  G26_Mesh_Validation_Tool.o [1]
  .text               ro code  0x08038056     0x1e  Marlin_main.o [1]
  .text               ro code  0x08038074     0x20  srand.o [4]
  .text               ro code  0x08038094      0xa  ubl_G29.o [1]
  .text               ro code  0x080380a0     0xd0  G26_Mesh_Validation_Tool.o [1]
  .text               ro code  0x08038170      0xc  Marlin_main.o [1]
  .text               ro code  0x0803817c     0x4c  G26_Mesh_Validation_Tool.o [1]
  .text               ro code  0x080381c8    0x794  G26_Mesh_Validation_Tool.o [1]
  .text               ro code  0x0803895c     0x34  temperature.o [1]
  .text               ro code  0x08038990     0x16  Marlin_main.o [1]
  .text               ro code  0x080389a6     0x20  Marlin_main.o [1]
  .text               ro code  0x080389c8     0x38  Marlin_main.o [1]
  .text               ro code  0x08038a00     0x64  Marlin_main.o [1]
  .text               ro code  0x08038a64      0x2  temperature.o [1]
  .text               ro code  0x08038a66     0x2a  strncmp.o [4]
  .text               ro code  0x08038a90   0x14c0  dlmalloc.o [4]
  .text               ro code  0x08039f50      0xc  endstops.o [1]
  .text               ro code  0x08039f5c      0x4  configuration_store.o [1]
  .text               ro code  0x08039f60      0x8  ubl_G29.o [1]
  .text               ro code  0x08039f68     0x16  ubl_G29.o [1]
  .text               ro code  0x08039f80     0x5e  floor.o [5]
  .text               ro code  0x08039fde    0x140  ubl_G29.o [1]
  .text               ro code  0x0803a120    0x218  least_squares_fit.o [1]
  .text               ro code  0x0803a338   0x361c  ubl_G29.o [1]
  .text               ro code  0x0803d954     0xc8  string_deal.o [1]
  .text               ro code  0x0803da1c    0x93c  draw_print_file.o [1]
  .text               ro code  0x0803e358    0x91c  draw_move_motor.o [1]
  .text               ro code  0x0803ec74    0xdb4  draw_operate.o [1]
  .text               ro code  0x0803fa28    0x984  draw_pause_ui.o [1]
  .text               ro code  0x080403ac    0xa50  draw_extrusion.o [1]
  .text               ro code  0x08040dfc    0xa90  draw_pre_heat.o [1]
  .text               ro code  0x0804188c    0x960  draw_change_speed.o [1]
  .text               ro code  0x080421ec    0x698  draw_fan.o [1]
  .text               ro code  0x08042884    0x930  draw_set.o [1]
  .text               ro code  0x080431b4    0x5cc  draw_zero.o [1]
  .text               ro code  0x08043780   0x1400  draw_language.o [1]
  .text               ro code  0x08044b80    0x2a8  draw_about.o [1]
  .text               ro code  0x08044e28    0x414  draw_wifi.o [1]
  .text               ro code  0x0804523c    0x8c8  draw_more.o [1]
  .text               ro code  0x08045b04    0x61c  draw_printing_moremenu.o [1]
  .text               ro code  0x08046120    0x590  draw_manual_leveling.o [1]
  .text               ro code  0x080466b0    0x42c  draw_bind.o [1]
  .text               ro code  0x08046adc    0x7e4  draw_tool.o [1]
  .text               ro code  0x080472c0    0x754  draw_mesh_leveling.o [1]
  .text               ro code  0x08047a14    0x688  mks_test.o [1]
  .text               ro code  0x0804809c    0x6f4  draw_filamentchange.o [1]
  .text               ro code  0x08048790     0x14  GUI_SetFont.o [3]
  .text               ro code  0x080487a4     0x2c  BUTTON_Default.o [3]
  .text               ro code  0x080487d0    0x11c  TEXT.o [3]
  .text               ro code  0x080488ec    0x260  WIDGET.o [3]
  .text               ro code  0x08048b4c   0x1ac0  ili9320.o [1]
  .text               ro code  0x0804a60c    0x18c  pic_manager.o [1]
  .text               ro code  0x0804a798    0x518  spi_flash.o [1]
  .text               ro code  0x0804acb0    0x3ae  BUTTON.o [3]
  .text               ro code  0x0804b05e     0x1e  BUTTON_Bitmap.o [3]
  .text               ro code  0x0804b07c    0xe00  WM.o [3]
  .text               ro code  0x0804be7c     0x30  GUI_UC_EncodeNone.o [3]
  .text               ro code  0x0804beac    0x438  PROGBAR.o [3]
  .text               ro code  0x0804c2e4     0x2e  TEXT_SetBkColor.o [3]
  .text               ro code  0x0804c312     0x1c  TEXT_SetTextColor.o [3]
  .text               ro code  0x0804c32e     0x1e  BUTTON_SetTextAlign.o [3]
  .text               ro code  0x0804c34c     0x26  TEXT_SetText.o [3]
  .text               ro code  0x0804c374    0x132  I64DivMod.o [6]
  .text               ro code  0x0804c4a6      0x4  WM_IsWindow.o [3]
  .text               ro code  0x0804c4aa      0x6  printcounter.o [1]
  .text               ro code  0x0804c4b0     0xe8  printcounter.o [1]
  .text               ro code  0x0804c598      0xc  planner.o [1]
  .text               ro code  0x0804c5a4     0x28  Marlin_main.o [1]
  .text               ro code  0x0804c5cc     0x2c  Marlin_main.o [1]
  .text               ro code  0x0804c5f8     0x10  temperature.o [1]
  .text               ro code  0x0804c608     0x28  Marlin_main.o [1]
  .text               ro code  0x0804c630      0xc  temperature.o [1]
  .text               ro code  0x0804c63c     0x16  Marlin_main.o [1]
  .text               ro code  0x0804c652      0x4  Marlin_main.o [1]
  .text               ro code  0x0804c658     0x30  Marlin_main.o [1]
  .text               ro code  0x0804c688     0x18  Marlin_main.o [1]
  .text               ro code  0x0804c6a0     0x1c  Marlin_main.o [1]
  .text               ro code  0x0804c6bc     0x16  Marlin_main.o [1]
  .text               ro code  0x0804c6d4     0x7c  Marlin_main.o [1]
  .text               ro code  0x0804c750      0x4  Marlin_main.o [1]
  .text               ro code  0x0804c754    0x1c0  Marlin_main.o [1]
  .text               ro code  0x0804c914    0x1bc  Marlin_main.o [1]
  .text               ro code  0x0804cad0     0x18  Marlin_main.o [1]
  .text               ro code  0x0804cae8      0x2  Marlin_main.o [1]
  .text               ro code  0x0804caea      0x2  Marlin_main.o [1]
  .text               ro code  0x0804caec     0x38  gcode.o [1]
  .text               ro code  0x0804cb24    0x42a  xsin.o [5]
  .text               ro code  0x0804cf4e      0x2  ubl_motion.o [1]
  .text               ro code  0x0804cf50     0x64  ubl_motion.o [1]
  .text               ro code  0x0804cfb4    0x1bc  ubl_motion.o [1]
  .text               ro code  0x0804d170    0x1d4  ubl_motion.o [1]
  .text               ro code  0x0804d344     0x28  ubl_motion.o [1]
  .text               ro code  0x0804d36c    0x25c  ubl_motion.o [1]
  .text               ro code  0x0804d5c8     0xf4  xfatan.o [5]
  .text               ro code  0x0804d6bc    0x23c  xfsin.o [5]
  .text               ro code  0x0804d8f8    0x162  spi.o [1]
  .text               ro code  0x0804da5a      0x2  temperature.o [1]
  .text               ro code  0x0804da5c     0x20  LCD_L0_Generic.o [3]
  .text               ro code  0x0804da7c      0xc  WM_GetDesktopWindow.o [3]
  .text               ro code  0x0804da88    0x314  LCD.o [3]
  .text               ro code  0x0804dd9c     0x28  GUI_Goto.o [3]
  .text               ro code  0x0804ddc4      0x8  stm32f10x_gpio.o [1]
  .text               ro code  0x0804ddcc    0xc18  stm32f1xx_hal_dma.o [1]
  .text               ro code  0x0804e9e4    0x47c  stm32f1xx_hal_uart.o [1]
  .text               ro code  0x0804ee60    0x1e0  usart.o [1]
  .text               ro code  0x0804f040    0x260  draw_FileTransfer_ui.o [1]
  .text               ro code  0x0804f2a0    0x864  wifi_upload.o [1]
  .text               ro code  0x0804fb04     0x38  GUI_TOUCH_StoreUnstable.o [3]
  .text               ro code  0x0804fb3c     0x2c  GUI_X_Touch.o [3]
  .text               ro code  0x0804fb68     0x32  ABImemset48.o [6]
  .text               ro code  0x0804fb9c   0x1106  xprintffull.o [4]
  .text               ro code  0x08050ca4    0x100  GUI_DispString.o [3]
  .text               ro code  0x08050da4     0x84  misc.o [1]
  .text               ro code  0x08050e28    0x1f0  gpio.o [1]
  .text               ro code  0x08051018     0x50  dma.o [1]
  .text               ro code  0x08051068    0x118  adc.o [1]
  .text               ro code  0x08051180     0x46  stm32f10x_spi.o [1]
  .text               ro code  0x080511c8     0x44  id_manage.o [1]
  .text               ro code  0x0805120c    0x5b6  stm32f1xx_hal_adc.o [1]
  .text               ro code  0x080517c4   0x26dc  multi_language.o [1]
  .text               ro code  0x08053ea0     0xd0  stm32f1xx_hal_rcc_ex.o [1]
  .text               ro code  0x08053f70    0x11a  stmflash.o [1]
  .text               ro code  0x0805408c     0x50  GUI_FillRect.o [3]
  .text               ro code  0x080540dc     0x2c  strstr.o [4]
  .text               ro code  0x08054108      0xe  endstops.o [1]
  .text               ro code  0x08054118     0x24  endstops.o [1]
  .text               ro code  0x0805413c     0x16  strchr.o [6]
  .text               ro code  0x08054154    0x14c  xstod.o [5]
  .text               ro code  0x080542a0     0x1c  TEXT_SetTextAlign.o [3]
  .text               ro code  0x080542bc     0x1c  TEXT_SetFont.o [3]
  .text               ro code  0x080542d8     0xa0  stm32f1xx_hal_tim_ex.o [1]
  .text               ro code  0x08054378     0x7a  diskio.o [1]
  .text               ro code  0x080543f4    0x46c  mycc936.o [1]
  .text               ro code  0x08054860      0x4  fatfs.o [1]
  .text               ro code  0x08054864    0x198  xstoul.o [4]
  .text               ro code  0x080549fc      0xc  USARTClass.o [1]
  .text               ro code  0x08054a08     0x88  xstol.o [4]
  .text               ro code  0x08054a90     0x18  strrchr.o [4]
  .text               ro code  0x08054aa8     0x28  roundf.o [5]
  .text               ro code  0x08054ad0      0xc  errno.o [4]
  .text               ro code  0x08054adc     0x42  ubl_G29.o [1]
  .text               ro code  0x08054b1e     0x40  planner.o [1]
  .text               ro code  0x08054b60     0x44  round.o [5]
  .text               ro code  0x08054ba4      0x6  strtod.o [5]
  .text               ro code  0x08054baa      0x2  xtls.o [4]
  .text               ro code  0x08054bac      0x8  Marlin_main.o [1]
  .text               ro code  0x08054bb4      0x6  abort.o [4]
  .text               ro code  0x08054bbc     0x2c  xgetmemchunk.o [4]
  .text               ro code  0x08054be8     0x1c  truncf.o [5]
  .text               ro code  0x08054c04    0x2be  powf.o [5]
  .text               ro code  0x08054ec2      0x4  ubl_G29.o [1]
  .text               ro code  0x08054ec8     0x78  hex_print_routines.o [1]
  .text               ro code  0x08054f40    0x12e  ubl_G29.o [1]
  .text               ro code  0x0805506e     0x18  strrchr.o [4]
  .text               ro code  0x08055086      0x4  draw_print_file.o [1]
  .text               ro code  0x0805508c    0x1f4  pic.o [1]
  .text               ro code  0x08055280     0x90  GUI2DLib.o [3]
  .text               ro code  0x08055310   0x23c0  QR_Encode.o [1]
  .text               ro code  0x080576d0     0x3c  WM_EnableWindow.o [3]
  .text               ro code  0x0805770c    0x27a  GUIAlloc.o [3]
  .text               ro code  0x08057988     0x76  WM_SetTrans.o [3]
  .text               ro code  0x08057a00     0x10  GUI_SetTextMode.o [3]
  .text               ro code  0x08057a10     0x3c  WM_GetClientRect.o [3]
  .text               ro code  0x08057a4c    0x1d2  GUI_DispStringInRect.o [3]
  .text               ro code  0x08057c1e     0x1c  GUI_ALLOC_AllocZero.o [3]
  .text               ro code  0x08057c3a    0x112  WM__UpdateChildPositions.o [3]
  .text               ro code  0x08057d4c     0x1a  GUI__ReduceRect.o [3]
  .text               ro code  0x08057d68     0xa0  WM_SetFocus.o [3]
  .text               ro code  0x08057e08     0x62  WM_BringToTop.o [3]
  .text               ro code  0x08057e6a     0x10  WM_NotifyParent.o [3]
  .text               ro code  0x08057e7c     0xe8  stm32f10x_fsmc.o [1]
  .text               ro code  0x08057f64     0x14  WM__IsEnabled.o [3]
  .text               ro code  0x08057f78      0xa  GUI_GetClientRect.o [3]
  .text               ro code  0x08057f84     0x14  WM_SetUserClipRect.o [3]
  .text               ro code  0x08057f98     0x20  GUI_DRAW.o [3]
  .text               ro code  0x08057fb8     0x1e  GUI_MoveRect.o [3]
  .text               ro code  0x08057fd8     0x40  GUI_OnKey.o [3]
  .text               ro code  0x08058018     0x3e  GUI__SetText.o [3]
  .text               ro code  0x08058058     0x50  GUI_DRAW_BITMAP.o [3]
  .text               ro code  0x080580a8     0x30  BUTTON__SetBitmapObj.o [3]
  .text               ro code  0x080580d8     0x68  GUI__IntersectRects.o [3]
  .text               ro code  0x08058140     0x64  GUI_MergeRect.o [3]
  .text               ro code  0x080581a4     0x1c  LCD_SetClipRectEx.o [3]
  .text               ro code  0x080581c0     0x40  GUI__IntersectRect.o [3]
  .text               ro code  0x08058200     0x38  GUI_RectsIntersect.o [3]
  .text               ro code  0x08058238     0x3e  WM_BringToBottom.o [3]
  .text               ro code  0x08058278     0x3c  GUI_SetDefault.o [3]
  .text               ro code  0x080582b4     0x18  GUI_SaveContext.o [3]
  .text               ro code  0x080582cc     0x1e  WM_SendToParent.o [3]
  .text               ro code  0x080582ec     0x44  WM_CriticalHandle.o [3]
  .text               ro code  0x08058330     0x1e  GUI_AddDecMin.o [3]
  .text               ro code  0x0805834e     0x14  GUI_GetStringDistX.o [3]
  .text               ro code  0x08058362      0x4  GUI_GetFontSizeY.o [3]
  .text               ro code  0x08058366     0x18  WIDGET_SetEffect.o [3]
  .text               ro code  0x08058380      0x2  I64DivZer.o [6]
  .text               ro code  0x08058382     0x12  printcounter.o [1]
  .text               ro code  0x08058394     0x10  printcounter.o [1]
  .text               ro code  0x080583a4      0xe  printcounter.o [1]
  .text               ro code  0x080583b2      0xe  printcounter.o [1]
  .text               ro code  0x080583c0      0x4  printcounter.o [1]
  .text               ro code  0x080583c4      0xa  Marlin_main.o [1]
  .text               ro code  0x080583ce      0x4  strtoul.o [4]
  .text               ro code  0x080583d4    0x160  xquad.o [5]
  .text               ro code  0x08058534     0xec  xfquad.o [5]
  .text               ro code  0x08058620     0x88  stm32f1xx_hal_spi_ex.o [1]
  .text               ro code  0x080586a8     0x1c  LCDPM565.o [3]
  .text               ro code  0x080586c4     0x34  LCDPM565_Index2Color.o [3]
  .text               ro code  0x080586f8    0x616  LCDDummy.o [3]
  .text               ro code  0x08058d10     0x3c  LCDColor.o [3]
  .text               ro code  0x08058d4c     0x24  GUI_TOUCH_StoreState.o [3]
  .text               ro code  0x08058d70    0x19c  mks_touch_screen.o [1]
  .text               ro code  0x08058f0c     0x20  xmbtowc.o [4]
  .text               ro code  0x08058f2c     0x58  memchr.o [6]
  .text               ro code  0x08058f84      0xa  xmbcurmax.o [4]
  .text               ro code  0x08058f8e     0x1a  xwctomb.o [4]
  .text               ro code  0x08058fa8     0x42  xdnorm.o [5]
  .text               ro code  0x08058fec    0x10c  xdscale.o [5]
  .text               ro code  0x080590f8     0x6c  localeconv.o [4]
  .text               ro code  0x08059164      0xe  div.o [4]
  .text               ro code  0x08059174     0x88  GUIChar.o [3]
  .text               ro code  0x080591fc    0x15c  GUICharLine.o [3]
  .text               ro code  0x08059358     0x4c  GUI_UC.o [3]
  .text               ro code  0x080593a4      0x2  stm32f1xx_hal_adc_ex.o [1]
  .text               ro code  0x080593a8     0xe4  stm32f10x_flash.o [1]
  .text               ro code  0x0805948c    0x134  xstopfx.o [4]
  .text               ro code  0x080595c0    0x1b8  xstoflt.o [4]
  .text               ro code  0x08059778    0x200  xdtento.o [5]
  .text               ro code  0x08059978    0x218  xstoxflt.o [4]
  .text               ro code  0x08059b90     0x28  isxxx.o [4]
  .text               ro code  0x08059bb8     0x14  tolower.o [4]
  .text               ro code  0x08059bcc      0x4  USARTClass.o [1]
  .text               ro code  0x08059bd0     0x7e  xdint.o [5]
  .text               ro code  0x08059c50     0x14  exit.o [7]
  .text               ro code  0x08059c64     0x26  xfdnorm.o [5]
  .text               ro code  0x08059c8a     0x50  xfdint.o [5]
  .text               ro code  0x08059cdc     0x30  xflog.o [5]
  .text               ro code  0x08059d0c    0x218  xfexp.o [5]
  .text               ro code  0x08059f24     0x16  hex_print_routines.o [1]
  .text               ro code  0x08059f3a     0x2c  strstr.o [4]
  .text               ro code  0x08059f68     0x3c  LCD_DrawVLine.o [3]
  .text               ro code  0x08059fa4      0xc  memmove.o [6]
  .text               ro code  0x08059fb0     0x18  GUI__HandleEOLine.o [3]
  .text               ro code  0x08059fc8     0x54  GUI__memset.o [3]
  .text               ro code  0x0805a01c     0xa2  WM_Move.o [3]
  .text               ro code  0x0805a0be     0xd8  WM_ResizeWindow.o [3]
  .text               ro code  0x0805a196     0x12  WM_GetParent.o [3]
  .text               ro code  0x0805a1a8      0x4  WM_ForEachDesc.o [3]
  .text               ro code  0x0805a1ac     0x34  WM_OnKey.o [3]
  .text               ro code  0x0805a1e0     0x56  GUI__strcmp.o [3]
  .text               ro code  0x0805a236     0x16  GUI__strlen.o [3]
  .text               ro code  0x0805a24c     0xf8  GUI_DrawBitmap.o [3]
  .text               ro code  0x0805a344     0x2c  WM__GetPrevSibling.o [3]
  .text               ro code  0x0805a370     0x10  GUI_Pen.o [3]
  .text               ro code  0x0805a380     0x10  GUI_SetTextAlign.o [3]
  .text               ro code  0x0805a390      0x4  GUI_SetDrawMode.o [3]
  .text               ro code  0x0805a394     0x10  GUI_SetLineStyle.o [3]
  .text               ro code  0x0805a3a4     0xe0  GUI_AddDecShift.o [3]
  .text               ro code  0x0805a484     0x14  GUI__GetFontSizeY.o [3]
  .text               ro code  0x0805a498     0x20  DblCmpEq.o [5]
  .text               ro code  0x0805a4b8    0x1a8  fmod.o [5]
  .text               ro code  0x0805a660     0xce  fmodf.o [5]
  .text               ro code  0x0805a730     0x28  GUI_TOUCH.o [3]
  .text               ro code  0x0805a758     0x24  setlocale.o [4]
  .text               ro code  0x0805a77c     0x60  xencoding_sb.o [4]
  .text               ro code  0x0805a7dc     0x56  xdunscal.o [5]
  .text               ro code  0x0805a832     0x16  xlocale_c.o [4]
  .text               ro code  0x0805a848     0x14  xlocale_c.o [4]
  .text               ro code  0x0805a85c      0xc  xlocale_c.o [4]
  .text               ro code  0x0805a868     0x12  USARTClass.o [1]
  .text               ro code  0x0805a87c     0x30  iarttio.o [7]
  .text               ro code  0x0805a8ac     0xc0  xfdscale.o [5]
  .text               ro code  0x0805a96c     0x78  ABImemmove_unaligned.o [6]
  .text               ro code  0x0805a9e4     0x32  WM__ForEachDesc.o [3]
  .text               ro code  0x0805aa16     0x22  WM__SendMessage.o [3]
  .text               ro code  0x0805aa38     0x18  WM__GetFirstSibling.o [3]
  .text               ro code  0x0805aa50     0x4c  GUI_PID.o [3]
  .text               ro code  0x0805aa9c      0x4  USARTClass.o [1]
  .text               ro code  0x0805aaa0      0x8  XShttio.o [4]
  .text               ro code  0x0805aaa8      0x6  USARTClass.o [1]
  .rodata             const    0x0805aab0   0x1fd0  multi_language.o [1]
  .rodata             const    0x0805ca80   0x1290  mks_fontHz14.o [1]
  .rodata             const    0x0805dd10    0x980  F13_1.o [3]
  .rodata             const    0x0805e690    0x918  F13_ASCII.o [3]
  .rodata             const    0x0805efa8    0x850  mks_cfg.o [1]
  .rodata             const    0x0805f7f8    0x714  F6x8.o [3]
  .rodata             const    0x0805ff0c    0x62c  mks_hzk16.o [3]
  .rodata             const    0x08060538    0x4d0  QR_Encode.o [1]
  .text               ro code  0x08060a08    0x2d0  GUICurs.o [3]
  .text               ro code  0x08060cd8     0x96  GUI_GetBitmapPixelIndex.o [3]
  .text               ro code  0x08060d70    0x23a  GUICharP.o [3]
  .text               ro code  0x08060faa     0x1c  GUI_GetColor.o [3]
  .text               ro code  0x08060fc8     0x10  LCD_GetColorIndex.o [3]
  .text               ro code  0x08060fd8    0x204  WMTouch.o [3]
  .text               ro code  0x080611dc     0x24  WM__IsAncestor.o [3]
  .text               ro code  0x08061200     0x1c  WM__SendMessageIfEnabled.o [3]
  .text               ro code  0x0806121c     0x98  WM_Screen2Win.o [3]
  .text               ro code  0x080612b4     0x26  WM_SetCapture.o [3]
  .text               ro code  0x080612dc    0x1d4  LCD_DrawBitmap_M565.o [3]
  .text               ro code  0x080614b0     0x1a  LCD_GetEx.o [3]
  .text               ro code  0x080614cc     0x10  GUI_SetColorIndex.o [3]
  .text               ro code  0x080614dc    0x1c6  lz77_init.o [6]
  .text               ro code  0x080616a4    0x18e  GUICharM.o [3]
  .text               ro code  0x08061834    0x168  WIDGET_Effect_3D.o [3]
  .text               ro code  0x0806199c     0x4c  GUI_DrawHLine.o [3]
  .text               ro code  0x080619e8     0x4c  GUI_DrawVLine.o [3]
  .text               ro code  0x08061a34     0xe0  stm32f1xx_it.o [1]
  .text               ro code  0x08061b14     0xb2  stm32f1xx_hal_spi.o [1]
  .rodata             const    0x08061bc8     0xc8  Marlin_main.o [1]
  .rodata             const    0x08061c90     0xc4  Marlin_main.o [1]
  .text               ro code  0x08061d54     0xb4  WIDGET_Effect_Simple.o [3]
  .text               ro code  0x08061e08     0x8c  GUIEncJS.o [3]
  .rodata             const    0x08061e94     0x78  Marlin_main.o [1]
  .rodata             const    0x08061f0c     0x78  Marlin_main.o [1]
  .text               ro code  0x08061f84     0x5c  system_stm32f1xx.o [1]
  .rodata             const    0x08061fe0     0x3c  planner.o [1]
  .rodata             const    0x0806201c     0x38  Marlin_main.o [1]
  .rodata             const    0x08062054     0x34  Marlin_main.o [1]
  .rodata             const    0x08062088     0x30  Marlin_main.o [1]
  .rodata             const    0x080620b8     0x30  Marlin_main.o [1]
  .rodata             const    0x080620e8     0x30  LCD_API.o [3]
  .rodata             const    0x08062118     0x2c  Marlin_main.o [1]
  .rodata             const    0x08062144     0x2c  Marlin_main.o [1]
  .rodata             const    0x08062170     0x2c  Marlin_main.o [1]
  .rodata             const    0x0806219c     0x2c  Marlin_main.o [1]
  .rodata             const    0x080621c8     0x28  G26_Mesh_Validation_Tool.o [1]
  .rodata             const    0x080621f0     0x28  main.o [1]
  .rodata             const    0x08062218     0x28  Marlin_main.o [1]
  .rodata             const    0x08062240     0x28  Marlin_main.o [1]
  .text               ro code  0x08062268     0x28  data_init.o [6]
  .rodata             const    0x08062290     0x24  G26_Mesh_Validation_Tool.o [1]
  .rodata             const    0x080622b4     0x24  Marlin_main.o [1]
  .rodata             const    0x080622d8     0x24  USARTClass.o [1]
  .text               ro code  0x080622fc     0x24  WIDGET_Effect_None.o [3]
  .iar.init_table     const    0x08062320     0x30  - Linker created -
  .rodata             const    0x08062350     0x20  Marlin_main.o [1]
  .rodata             const    0x08062370     0x20  Marlin_main.o [1]
  .rodata             const    0x08062390     0x20  Marlin_main.o [1]
  .rodata             const    0x080623b0     0x20  Marlin_main.o [1]
  .rodata             const    0x080623d0     0x20  Marlin_main.o [1]
  .rodata             const    0x080623f0     0x20  Marlin_main.o [1]
  .rodata             const    0x08062410     0x20  Marlin_main.o [1]
  .rodata             const    0x08062430     0x20  Marlin_main.o [1]
  .rodata             const    0x08062450     0x20  Marlin_main.o [1]
  .rodata             const    0x08062470     0x20  Marlin_main.o [1]
  .rodata             const    0x08062490     0x20  Marlin_main.o [1]
  .rodata             const    0x080624b0     0x20  Marlin_main.o [1]
  .rodata             const    0x080624d0     0x20  Marlin_main.o [1]
  .rodata             const    0x080624f0     0x20  Marlin_main.o [1]
  .rodata             const    0x08062510     0x20  Marlin_main.o [1]
  .rodata             const    0x08062530     0x20  Marlin_main.o [1]
  .rodata             const    0x08062550     0x20  Marlin_main.o [1]
  .rodata             const    0x08062570     0x20  Marlin_main.o [1]
  .text               ro code  0x08062590     0x20  cmain_call_ctors.o [6]
  .text               ro code  0x080625b0     0x18  cppinit.o [4]
  .rodata             const    0x080625c8     0x1c  G26_Mesh_Validation_Tool.o [1]
  .rodata             const    0x080625e4     0x1c  Marlin_main.o [1]
  .rodata             const    0x08062600     0x1c  Marlin_main.o [1]
  .text               ro code  0x0806261c     0x1a  cmain.o [6]
  .text               ro code  0x08062636      0x4  low_level_init.o [4]
  .text               ro code  0x0806263a      0x4  exit.o [4]
  .text               ro code  0x08062640      0xa  cexit.o [6]
  .rodata             const    0x0806264c     0x18  Marlin_main.o [1]
  .rodata             const    0x08062664     0x18  Marlin_main.o [1]
  .rodata             const    0x0806267c     0x18  Marlin_main.o [1]
  .rodata             const    0x08062694     0x18  Marlin_main.o [1]
  .rodata             const    0x080626ac     0x18  Marlin_main.o [1]
  .rodata             const    0x080626c4     0x18  Marlin_main.o [1]
  .rodata             const    0x080626dc     0x18  Marlin_main.o [1]
  .rodata             const    0x080626f4     0x18  Marlin_main.o [1]
  .rodata             const    0x0806270c     0x18  Marlin_main.o [1]
  .rodata             const    0x08062724     0x18  Marlin_main.o [1]
  SHT$$PREINIT_ARRAY           0x0806273c      0x0  <Block>
  SHT$$INIT_ARRAY              0x0806273c     0x18  <Block>
    .init_array       const    0x0806273c      0x4  endstops.o [1]
    .init_array       const    0x08062740      0x4  Marlin_main.o [1]
    .init_array       const    0x08062744      0x4  mesh_bed_leveling.o [1]
    .init_array       const    0x08062748      0x4  planner.o [1]
    .init_array       const    0x0806274c      0x4  serial.o [1]
    .init_array       const    0x08062750      0x4  temperature.o [1]
  .rodata             const    0x08062754     0x14  Marlin_main.o [1]
  .rodata             const    0x08062768     0x14  Marlin_main.o [1]
  .rodata             const    0x0806277c     0x14  Marlin_main.o [1]
  .rodata             const    0x08062790     0x14  Marlin_main.o [1]
  .rodata             const    0x080627a4     0x14  Marlin_main.o [1]
  .rodata             const    0x080627b8     0x14  Marlin_main.o [1]
  .rodata             const    0x080627cc     0x14  Marlin_main.o [1]
  .rodata             const    0x080627e0     0x14  Marlin_main.o [1]
  .rodata             const    0x080627f4     0x14  Marlin_main.o [1]
  .rodata             const    0x08062808     0x14  Marlin_main.o [1]
  .rodata             const    0x0806281c     0x14  Marlin_main.o [1]
  .rodata             const    0x08062830     0x14  Marlin_main.o [1]
  .rodata             const    0x08062844     0x14  Marlin_main.o [1]
  .rodata             const    0x08062858     0x14  Marlin_main.o [1]
  .rodata             const    0x0806286c     0x14  Marlin_main.o [1]
  .rodata             const    0x08062880     0x14  printcounter.o [1]
  .rodata             const    0x08062894     0x10  Marlin_main.o [1]
  .rodata             const    0x080628a4     0x10  Marlin_main.o [1]
  .rodata             const    0x080628b4     0x10  Marlin_main.o [1]
  .rodata             const    0x080628c4     0x10  Marlin_main.o [1]
  .rodata             const    0x080628d4     0x10  Marlin_main.o [1]
  .rodata             const    0x080628e4     0x10  Marlin_main.o [1]
  .rodata             const    0x080628f4     0x10  Marlin_main.o [1]
  .rodata             const    0x08062904     0x10  Marlin_main.o [1]
  .rodata             const    0x08062914     0x10  Marlin_main.o [1]
  .rodata             const    0x08062924     0x10  Marlin_main.o [1]
  .rodata             const    0x08062934     0x10  Marlin_main.o [1]
  .rodata             const    0x08062944     0x10  Marlin_main.o [1]
  .rodata             const    0x08062954     0x10  Marlin_main.o [1]
  .rodata             const    0x08062964     0x10  Marlin_main.o [1]
  .rodata             const    0x08062974     0x10  Marlin_main.o [1]
  .rodata             const    0x08062984     0x10  Marlin_main.o [1]
  .rodata             const    0x08062994     0x10  Marlin_main.o [1]
  .rodata             const    0x080629a4     0x10  Marlin_main.o [1]
  .rodata             const    0x080629b4     0x10  Marlin_main.o [1]
  .rodata             const    0x080629c4     0x10  Marlin_main.o [1]
  .rodata             const    0x080629d4     0x10  Marlin_main.o [1]
  .rodata             const    0x080629e4     0x10  Marlin_main.o [1]
  .rodata             const    0x080629f4     0x10  Marlin_main.o [1]
  .rodata             const    0x08062a04     0x10  Marlin_main.o [1]
  .rodata             const    0x08062a14     0x10  Marlin_main.o [1]
  .rodata             const    0x08062a24     0x10  Marlin_main.o [1]
  .rodata             const    0x08062a34     0x10  Marlin_main.o [1]
  .rodata             const    0x08062a44     0x10  Marlin_main.o [1]
  .rodata             const    0x08062a54     0x10  Marlin_main.o [1]
  .rodata             const    0x08062a64     0x10  Marlin_main.o [1]
  .rodata             const    0x08062a74     0x10  Marlin_main.o [1]
  .rodata             const    0x08062a84     0x10  Marlin_main.o [1]
  .rodata             const    0x08062a94     0x10  Marlin_main.o [1]
  .rodata             const    0x08062aa4     0x10  Marlin_main.o [1]
  .rodata             const    0x08062ab4     0x10  Marlin_main.o [1]
  .rodata             const    0x08062ac4     0x10  Marlin_main.o [1]
  .rodata             const    0x08062ad4     0x10  Marlin_main.o [1]
  .rodata             const    0x08062ae4     0x10  Marlin_main.o [1]
  .rodata             const    0x08062af4     0x10  Marlin_main.o [1]
  .rodata             const    0x08062b04     0x10  Marlin_main.o [1]
  .rodata             const    0x08062b14     0x10  printcounter.o [1]
  .rodata             const    0x08062b24     0x10  serial.o [1]
  .text               ro code  0x08062b34     0x10  startup_stm32f103xe.o [1]
  .rodata             const    0x08062b44      0xc  G26_Mesh_Validation_Tool.o [1]
  .rodata             const    0x08062b50      0xc  Marlin_main.o [1]
  .rodata             const    0x08062b5c      0xc  Marlin_main.o [1]
  .rodata             const    0x08062b68      0xc  Marlin_main.o [1]
  .rodata             const    0x08062b74      0xc  Marlin_main.o [1]
  .rodata             const    0x08062b80      0xc  Marlin_main.o [1]
  .rodata             const    0x08062b8c      0xc  Marlin_main.o [1]
  .rodata             const    0x08062b98      0xc  Marlin_main.o [1]
  .rodata             const    0x08062ba4      0xc  Marlin_main.o [1]
  .rodata             const    0x08062bb0      0xc  Marlin_main.o [1]
  .rodata             const    0x08062bbc      0xc  Marlin_main.o [1]
  .rodata             const    0x08062bc8      0xc  Marlin_main.o [1]
  .rodata             const    0x08062bd4      0xc  Marlin_main.o [1]
  .rodata             const    0x08062be0      0xc  Marlin_main.o [1]
  .rodata             const    0x08062bec      0xc  Marlin_main.o [1]
  .rodata             const    0x08062bf8      0xc  Marlin_main.o [1]
  .rodata             const    0x08062c04      0xc  Marlin_main.o [1]
  .rodata             const    0x08062c10      0xc  printcounter.o [1]
  .rodata             const    0x08062c1c      0xc  GUIEncJS.o [3]
  .text               ro code  0x08062c28      0xc  cstartup_M.o [6]
  .rodata             const    0x08062c34      0x8  G26_Mesh_Validation_Tool.o [1]
  .rodata             const    0x08062c3c      0x8  G26_Mesh_Validation_Tool.o [1]
  .rodata             const    0x08062c44      0x8  Marlin_main.o [1]
  .rodata             const    0x08062c4c      0x8  Marlin_main.o [1]
  .rodata             const    0x08062c54      0x8  Marlin_main.o [1]
  .rodata             const    0x08062c5c      0x8  Marlin_main.o [1]
  .rodata             const    0x08062c64      0x8  Marlin_main.o [1]
  .rodata             const    0x08062c6c      0x8  Marlin_main.o [1]
  .rodata             const    0x08062c74      0x8  Marlin_main.o [1]
  .rodata             const    0x08062c7c      0x8  Marlin_main.o [1]
  .rodata             const    0x08062c84      0x8  Marlin_main.o [1]
  .rodata             const    0x08062c8c      0x8  Marlin_main.o [1]
  .rodata             const    0x08062c94      0x8  Marlin_main.o [1]
  .rodata             const    0x08062c9c      0x8  Marlin_main.o [1]
  .rodata             const    0x08062ca4      0x8  Marlin_main.o [1]
  .rodata             const    0x08062cac      0x8  Marlin_main.o [1]
  .rodata             const    0x08062cb4      0x8  Marlin_main.o [1]
  .rodata             const    0x08062cbc      0x8  Marlin_main.o [1]
  .rodata             const    0x08062cc4      0x8  Marlin_main.o [1]
  .rodata             const    0x08062ccc      0x8  Marlin_main.o [1]
  .rodata             const    0x08062cd4      0x8  Marlin_main.o [1]
  .rodata             const    0x08062cdc      0x8  Marlin_main.o [1]
  .rodata             const    0x08062ce4      0x8  Marlin_main.o [1]
  .rodata             const    0x08062cec      0x8  Marlin_main.o [1]
  .rodata             const    0x08062cf4      0x8  Marlin_main.o [1]
  .rodata             const    0x08062cfc      0x8  Marlin_main.o [1]
  .rodata             const    0x08062d04      0x8  Marlin_main.o [1]
  .rodata             const    0x08062d0c      0x8  Marlin_main.o [1]
  .rodata             const    0x08062d14      0x8  Marlin_main.o [1]
  .rodata             const    0x08062d1c      0x8  Marlin_main.o [1]
  .rodata             const    0x08062d24      0x8  Marlin_main.o [1]
  .rodata             const    0x08062d2c      0x8  Marlin_main.o [1]
  .rodata             const    0x08062d34      0x8  Marlin_main.o [1]
  .rodata             const    0x08062d3c      0x8  Marlin_main.o [1]
  .rodata             const    0x08062d44      0x8  Marlin_main.o [1]
  .rodata             const    0x08062d4c      0x8  Marlin_main.o [1]
  .rodata             const    0x08062d54      0x8  printcounter.o [1]
  .rodata             const    0x08062d5c      0x8  system_stm32f1xx.o [1]
  .rodata             const    0x08062d64      0x8  LCD_DrawBitmap_M565.o [3]
  .rodata             const    0x08062d6c      0x4  Marlin_main.o [1]
  .rodata             const    0x08062d70      0x4  Marlin_main.o [1]
  .rodata             const    0x08062d74      0x4  Marlin_main.o [1]
  .rodata             const    0x08062d78      0x4  Marlin_main.o [1]
  .rodata             const    0x08062d7c      0x4  Marlin_main.o [1]
  .rodata             const    0x08062d80      0x4  Marlin_main.o [1]
  .rodata             const    0x08062d84      0x4  Marlin_main.o [1]
  .rodata             const    0x08062d88      0x4  Marlin_main.o [1]
  .rodata             const    0x08062d8c      0x4  Marlin_main.o [1]
  .rodata             const    0x08062d90      0x4  Marlin_main.o [1]
  .rodata             const    0x08062d94      0x4  Marlin_main.o [1]
  .rodata             const    0x08062d98      0x4  Marlin_main.o [1]
  .rodata             const    0x08062d9c      0x4  Marlin_main.o [1]
  .rodata             const    0x08062da0      0x4  Marlin_main.o [1]
  .rodata             const    0x08062da4      0x4  Marlin_main.o [1]
  .rodata             const    0x08062da8      0x4  Marlin_main.o [1]
  .rodata             const    0x08062dac      0x4  Marlin_main.o [1]
  .rodata             const    0x08062db0      0x4  Marlin_main.o [1]
  .rodata             const    0x08062db4      0x4  Marlin_main.o [1]
  .rodata             const    0x08062db8      0x4  Marlin_main.o [1]
  .rodata             const    0x08062dbc      0x4  Marlin_main.o [1]
  .rodata             const    0x08062dc0      0x4  Marlin_main.o [1]
  .rodata             const    0x08062dc4      0x4  Marlin_main.o [1]
  .rodata             const    0x08062dc8      0x4  Marlin_main.o [1]
  .rodata             const    0x08062dcc      0x4  Marlin_main.o [1]
  .rodata             const    0x08062dd0      0x4  printcounter.o [1]
  .text               ro code  0x08062dd4      0x4  startup_stm32f103xe.o [1]
  .text               ro code  0x08062dd8      0x4  startup_stm32f103xe.o [1]
  .text               ro code  0x08062ddc      0x4  startup_stm32f103xe.o [1]
  .text               ro code  0x08062de0      0x4  startup_stm32f103xe.o [1]
  .text               ro code  0x08062de4      0x4  startup_stm32f103xe.o [1]
  .text               ro code  0x08062de8      0x4  startup_stm32f103xe.o [1]
  .text               ro code  0x08062dec      0x4  startup_stm32f103xe.o [1]
  .text               ro code  0x08062df0      0x4  startup_stm32f103xe.o [1]
  .text               ro code  0x08062df4      0x4  startup_stm32f103xe.o [1]
  .text               ro code  0x08062df8      0x4  startup_stm32f103xe.o [1]
  .text               ro code  0x08062dfc      0x4  startup_stm32f103xe.o [1]
  .text               ro code  0x08062e00      0x4  startup_stm32f103xe.o [1]
  .text               ro code  0x08062e04      0x4  startup_stm32f103xe.o [1]
  .text               ro code  0x08062e08      0x4  startup_stm32f103xe.o [1]
  .text               ro code  0x08062e0c      0x4  startup_stm32f103xe.o [1]
  .text               ro code  0x08062e10      0x4  startup_stm32f103xe.o [1]
  .text               ro code  0x08062e14      0x4  startup_stm32f103xe.o [1]
  .text               ro code  0x08062e18      0x4  startup_stm32f103xe.o [1]
  .text               ro code  0x08062e1c      0x4  startup_stm32f103xe.o [1]
  .text               ro code  0x08062e20      0x4  startup_stm32f103xe.o [1]
  .text               ro code  0x08062e24      0x4  startup_stm32f103xe.o [1]
  .text               ro code  0x08062e28      0x4  startup_stm32f103xe.o [1]
  .text               ro code  0x08062e2c      0x4  startup_stm32f103xe.o [1]
  .text               ro code  0x08062e30      0x4  startup_stm32f103xe.o [1]
  .text               ro code  0x08062e34      0x4  startup_stm32f103xe.o [1]
  .text               ro code  0x08062e38      0x4  startup_stm32f103xe.o [1]
  .text               ro code  0x08062e3c      0x4  startup_stm32f103xe.o [1]
  .text               ro code  0x08062e40      0x4  startup_stm32f103xe.o [1]
  .text               ro code  0x08062e44      0x4  startup_stm32f103xe.o [1]
  .text               ro code  0x08062e48      0x4  startup_stm32f103xe.o [1]
  .text               ro code  0x08062e4c      0x4  startup_stm32f103xe.o [1]
  .text               ro code  0x08062e50      0x4  startup_stm32f103xe.o [1]
  .text               ro code  0x08062e54      0x4  startup_stm32f103xe.o [1]
  .text               ro code  0x08062e58      0x4  startup_stm32f103xe.o [1]
  .text               ro code  0x08062e5c      0x4  startup_stm32f103xe.o [1]
  .text               ro code  0x08062e60      0x4  startup_stm32f103xe.o [1]
  .text               ro code  0x08062e64      0x4  startup_stm32f103xe.o [1]
  .text               ro code  0x08062e68      0x4  startup_stm32f103xe.o [1]
[...]
                        0x08019091    0x14  Code  Gb  Marlin_main.o [1]
set_home_offset(AxisEnum, float)
                        0x0800fd63    0x1a  Code  Lc  Marlin_main.o [1]
set_menu                0x200076f0    0x34  Data  Gb  multi_language.o [1]
set_probe_deployed(bool)
                        0x08010299    0x50  Code  Gb  Marlin_main.o [1]
set_z_fade_height(float, bool)
                        0x08010725    0x8c  Code  Gb  Marlin_main.o [1]
setup                   0x08013cad   0x10c  Code  Gb  Marlin_main.o [1]
setup_filrunoutpin()    0x0800fb6f     0x2  Code  Gb  Marlin_main.o [1]
setup_for_endstop_or_probe_move()
                        0x080100a7    0x16  Code  Lc  Marlin_main.o [1]
setup_killpin()         0x0800fb6d     0x2  Code  Gb  Marlin_main.o [1]
sin                     0x08025b87     0x6  Code  Gb  sin.o [5]
sinf                    0x08027ccd     0x6  Code  Gb  sinf.o [5]
size                    0x20000504     0x4  Data  Gb  draw_ui.o [1]
soft_endstop_max        0x2000158c     0xc  Data  Gb  Marlin_main.o [1]
soft_endstop_min        0x2000141c     0xc  Data  Gb  Marlin_main.o [1]
soft_endstop_min_init()
                        0x0800f943    0xa4  Code  Gb  Marlin_main.o [1]
soft_endstop_radius     0x200015bc     0x4  Data  Gb  Marlin_main.o [1]
soft_endstop_radius_2   0x200015c0     0x4  Data  Gb  Marlin_main.o [1]
soft_endstops_enabled   0x20001570     0x1  Data  Gb  Marlin_main.o [1]
speedType               0x2000b7c0     0x1  Data  Lc  draw_change_speed.o [1]
speed_menu              0x200077b8    0x2c  Data  Gb  multi_language.o [1]
sprintf                 0x0802bc19    0x34  Code  Gb  sprintf.o [4]
sqrt                    0x0801cd61          Code  Gb  sqrt.o [5]
sqrtf                   0x08025a95          Code  Gb  sqrtf.o [5]
sqrtl                   0x0801cd61          Code  Gb  sqrt.o [5]
srand                   0x08038075    0x20  Code  Gb  srand.o [4]
srcfp                   0x200004fc     0x4  Data  Gb  draw_ui.o [1]
st_clust                0x08032bcf    0x14  Code  Lc  ff.o [1]
start_print_time        0x080233f9     0xa  Code  Gb  draw_printing.o [1]
stepper_inactive_time   0x200015cc     0x4  Data  Lc  Marlin_main.o [1]
stop()                  0x08013bd9    0x3e  Code  Gb  Marlin_main.o [1]
stopEspTransfer()       0x0802b3a1    0x94  Code  Gb  wifi_module.o [1]
stop_print_time         0x08023403     0xa  Code  Gb  draw_printing.o [1]
storeRcvData(unsigned char *, int)
                        0x0802b301    0x4a  Code  Lc  wifi_module.o [1]
strcat                  0x0803033b    0x1c  Code  Gb  strcat.o [4]
strchr                  0x0805413d          Code  Gb  strchr.o [6]
strchr(char *, int)     0x080303a5     0x4  Code  Gb  WString.o [1]
strlen                  0x08034849          Code  Gb  strlen.o [6]
strncmp                 0x08038a67    0x2a  Code  Gb  strncmp.o [4]
strrchr                 0x0805506f    0x18  Code  Gb  strrchr.o [4]
strrchr(char *, int)    0x08034da5     0x4  Code  Gb  WString.o [1]
strrchr(char const *, int)
                        0x08055087     0x4  Code  Gb  draw_print_file.o [1]
strstr                  0x08059f3b    0x2c  Code  Gb  strstr.o [4]
strstr(char *, char const *)
                        0x0802c799     0x4  Code  Gb  WString.o [1]
strstr(char const *, char const *)
                        0x08034843     0x4  Code  Gb  draw_ui.o [1]
strtod                  0x08054ba5     0x6  Code  Gb  strtod.o [5]
strtol                  0x08034d9f     0x6  Code  Gb  strtol.o [4]
strtoul                 0x080583cf     0x4  Code  Gb  strtoul.o [4]
suicide()               0x0800fb71     0x2  Code  Gb  Marlin_main.o [1]
sum_sfn                 0x08032db7    0x1c  Code  Lc  ff.o [1]
sync_fs                 0x08032561    0xda  Code  Lc  ff.o [1]
sync_plan_position()    0x0800fa81    0x12  Code  Gb  Marlin_main.o [1]
sync_plan_position_e()  0x08038171     0xc  Code  Gb  Marlin_main.o [1]
sync_plan_position_kinematic()
                        0x08017ec9     0xc  Code  Gb  Marlin_main.o [1]
sync_window             0x080324c1    0x66  Code  Lc  ff.o [1]
sys_alloc               0x08038e4d   0x384  Code  Lc  dlmalloc.o [4]
target_extruder         0x200013dd     0x1  Data  Gb  Marlin_main.o [1]
temper_error_flg        0x2000c5e9     0x1  Data  Gb  Marlin_main.o [1]
temper_error_kill()     0x08013aed    0x2c  Code  Gb  Marlin_main.o [1]
temper_error_type       0x2000c5ea     0x1  Data  Gb  Marlin_main.o [1]
temperature_change_frequency
                        0x200004f0     0x1  Data  Gb  draw_ui.o [1]
temperature_change_frequency_cnt
                        0x2000b440     0x4  Data  Lc  Marlin_main.o [1]
temptable_1             0x0802985c   0x100  Data  Lc  temperature.o [1]
testCnt                 0x2000b5ec     0x4  Data  Gb  mks_test.o [1]
test_gpio_readlevel_H()
                        0x08047acb    0xc6  Code  Gb  mks_test.o [1]
test_gpio_readlevel_L()
                        0x08047a15    0xb6  Code  Gb  mks_test.o [1]
textDesireTemp          0x2000b8a2     0x2  Data  Lc  draw_pre_heat.o [1]
textDesireValue         0x2000b8a4     0x2  Data  Lc  draw_pre_heat.o [1]
textExtruAmount         0x2000b38c     0x2  Data  Lc  draw_extrusion.o [1]
textExtruTemp           0x2000b836     0x2  Data  Lc  draw_filamentchange.o [1]
textPrintSpeed          0x2000b7c4     0x2  Data  Lc  draw_change_speed.o [1]
textPrintTemp           0x2000b38a     0x2  Data  Lc  draw_extrusion.o [1]
textPrintTemp1          0x2000c63c     0x2  Data  Lc  draw_operate.o [1]
textPrintTemp1          0x2000b86a     0x2  Data  Lc  draw_pause_ui.o [1]
textPrintTemp2          0x2000c63e     0x2  Data  Lc  draw_operate.o [1]
textPrintTemp2          0x2000b86c     0x2  Data  Lc  draw_pause_ui.o [1]
textSpeedVal            0x2000b7c6     0x2  Data  Lc  draw_change_speed.o [1]
thermalManager          0x2000c684     0x4  Data  Gb  temperature.o [1]
tick_net_time1          0x2000b298     0x4  Data  Gb  wifi_module.o [1]
tick_net_time2          0x2000b29c     0x4  Data  Gb  wifi_module.o [1]
titleText               0x2000ac9c    0x64  Data  Lc  draw_ui.o [1]
titleText_cat(char *, int, char *)
                        0x08021e8f    0x30  Code  Gb  draw_ui.o [1]
tmalloc_large           0x080391dd   0x38a  Code  Lc  dlmalloc.o [4]
tmalloc_small           0x08039567   0x204  Code  Lc  dlmalloc.o [4]
tolower                 0x08059bb9    0x14  Code  Gb  tolower.o [4]
tool_change(unsigned char, float, bool)
                        0x080114e1   0x208  Code  Gb  Marlin_main.o [1]
tool_menu               0x2000788c    0x28  Data  Gb  multi_language.o [1]
total_write             0x2000afbc     0x4  Data  Gb  wifi_module.o [1]
touch_time              0x2000c608     0x4  Data  Lc  mks_touch_screen.o [1]
truncf                  0x08054be9          Code  Gb  truncf.o [5]
turn_on_heaters()       0x080380a1    0xd0  Code  Gb  G26_Mesh_Validation_Tool.o [1]
tx_buf                  0x20001a18     0x1  Data  Lc  spi_flash.o [1]
uCRCErrorWorkaroundCheck
                        0x2000c6cb     0x1  Data  Gb  stm32f1xx_hal_spi_ex.o [1]
ubl                     0x2000145c     0x4  Data  Gb  Marlin_main.o [1]
ubl_buffer_segment_raw(float const (&)[4], float const &)
                        0x0804d36d   0x25c  Code  Gb  ubl_motion.o [1]
ubl_cnt                 0x2000c6ce     0x1  Data  Gb  ubl.o [1]
ubl_invalid_slot(int)   0x0801fc79    0x24  Code  Gb  configuration_store.o [1]
ubl_state_at_invocation
                        0x2000c6d0     0x1  Data  Lc  ubl_G29.o [1]
ugbksize                0x2000c664     0x4  Data  Gb  mks_cfg.o [1]
uhADCxConvertedValue    0x2000c5ec     0x8  Data  Gb  adc.o [1]
unbinding_flag          0x2000b788     0x1  Data  Lc  draw_bind.o [1]
unified_bed_leveling::_mesh_index_to_xpos
                        0x2000aed4    0x40  Data  Gb  ubl.o [1]
unified_bed_leveling::_mesh_index_to_ypos
                        0x2000af14    0x40  Data  Gb  ubl.o [1]
unified_bed_leveling::calc_z0(float const &, float const &, float const &, float const &, float const &)
                        0x08054add    0x42  Code  Gb  ubl_G29.o [1]
unified_bed_leveling::display_map(int)
                        0x08016f7d   0x7b8  Code  Gb  ubl.o [1]
unified_bed_leveling::echo_name()
                        0x08016e61     0x8  Code  Gb  ubl.o [1]
unified_bed_leveling::find_closest_mesh_point_of_type(MeshPointType, float const &, float const &, bool, unsigned int *)
                        0x0803cb81   0x276  Code  Gb  ubl_G29.o [1]
unified_bed_leveling::find_furthest_invalid_mesh_point()
                        0x0803c929   0x258  Code  Gb  ubl_G29.o [1]
unified_bed_leveling::find_mean_mesh_height()
                        0x0803af79   0x1ae  Code  Gb  ubl_G29.o [1]
unified_bed_leveling::g29_c_flag
                        0x2000c38c     0x1  Data  Gb  ubl_G29.o [1]
unified_bed_leveling::g29_compare_current_mesh_to_stored_mesh()
                        0x0803c799    0xd0  Code  Gb  ubl_G29.o [1]
unified_bed_leveling::g29_constant
                        0x2000c3ac     0x4  Data  Gb  ubl_G29.o [1]
unified_bed_leveling::g29_eeprom_dump()
                        0x0803c719    0x70  Code  Gb  ubl_G29.o [1]
unified_bed_leveling::g29_grid_size
                        0x2000c3b0     0x4  Data  Gb  ubl_G29.o [1]
unified_bed_leveling::g29_map_type
                        0x2000c3a0     0x4  Data  Gb  ubl_G29.o [1]
unified_bed_leveling::g29_parameter_parsing()
                        0x0803b741   0x2bc  Code  Gb  ubl_G29.o [1]
unified_bed_leveling::g29_phase_value
                        0x2000c394     0x4  Data  Gb  ubl_G29.o [1]
unified_bed_leveling::g29_repetition_cnt
                        0x2000c398     0x4  Data  Gb  ubl_G29.o [1]
unified_bed_leveling::g29_storage_slot
                        0x2000c39c     0x4  Data  Gb  ubl_G29.o [1]
unified_bed_leveling::g29_verbose_level
                        0x2000c390     0x4  Data  Gb  ubl_G29.o [1]
unified_bed_leveling::g29_what_command()
                        0x0803bb7d   0x558  Code  Gb  ubl_G29.o [1]
unified_bed_leveling::g29_x_flag
                        0x2000c38d     0x1  Data  Gb  ubl_G29.o [1]
unified_bed_leveling::g29_x_pos
                        0x2000c3a4     0x4  Data  Gb  ubl_G29.o [1]
unified_bed_leveling::g29_y_flag
                        0x2000c38e     0x1  Data  Gb  ubl_G29.o [1]
unified_bed_leveling::g29_y_pos
                        0x2000c3a8     0x4  Data  Gb  ubl_G29.o [1]
unified_bed_leveling::gcode_G29_UBL()
                        0x0803a339   0xa44  Code  Gb  ubl_G29.o [1]
unified_bed_leveling::get_cell_index_x(float const &)
                        0x08034881   0x168  Code  Gb  ubl_motion.o [1]
unified_bed_leveling::get_cell_index_y(float const &)
                        0x080349e9   0x164  Code  Gb  ubl_motion.o [1]
unified_bed_leveling::get_z_correction(float const &, float const &)
                        0x080372c5    0xf8  Code  Gb  ubl_G29.o [1]
unified_bed_leveling::invalidate()
                        0x08016f2d    0x10  Code  Gb  ubl.o [1]
unified_bed_leveling::line_to_destination_cartesian(float const &, unsigned char)
                        0x08025ec5   0x950  Code  Gb  ubl_motion.o [1]
unified_bed_leveling::mesh_index_to_xpos(unsigned char)
                        0x08037dcd   0x13c  Code  Gb  ubl_motion.o [1]
unified_bed_leveling::mesh_index_to_xypos_init()
                        0x0801775b   0x232  Code  Gb  ubl.o [1]
unified_bed_leveling::mesh_index_to_ypos(unsigned char)
                        0x08037f09   0x138  Code  Gb  ubl_motion.o [1]
unified_bed_leveling::mesh_is_valid()
                        0x0804c6d5    0x7c  Code  Gb  Marlin_main.o [1]
unified_bed_leveling::prepare_segmented_line_to(float const (&)[4], float const &)
                        0x080269cd   0xc7a  Code  Gb  ubl_motion.o [1]
unified_bed_leveling::probe_entire_mesh(float const &, float const &, bool, bool, bool)
                        0x0803b1d5   0x2ee  Code  Gb  ubl_G29.o [1]
unified_bed_leveling::report_state()
                        0x08016e69    0x30  Code  Gb  ubl.o [1]
unified_bed_leveling::reset()
                        0x08016eef    0x3e  Code  Gb  ubl.o [1]
unified_bed_leveling::restore_ubl_active_state_and_leave()
                        0x0803bb5f    0x12  Code  Gb  ubl_G29.o [1]
unified_bed_leveling::sanity_check()
                        0x08017739    0x22  Code  Gb  ubl.o [1]
unified_bed_leveling::save_ubl_active_state_and_disable()
                        0x0803bb4d    0x12  Code  Gb  ubl_G29.o [1]
unified_bed_leveling::set_all_mesh_points_to_value(float)
                        0x08016f3d    0x3a  Code  Gb  ubl.o [1]
unified_bed_leveling::shift_mesh_height()
                        0x0803b165    0x4e  Code  Gb  ubl_G29.o [1]
unified_bed_leveling::smart_fill_mesh()
                        0x0803cea5    0xe4  Code  Gb  ubl_G29.o [1]
unified_bed_leveling::smart_fill_one(unsigned char, unsigned char, signed char, signed char)
                        0x0803cdfd    0xa8  Code  Gb  ubl_G29.o [1]
unified_bed_leveling::smart_fill_wlsf(float const &)
                        0x0803d49d   0x400  Code  Gb  ubl_G29.o [1]
unified_bed_leveling::storage_slot
                        0x2000c6cf     0x1  Data  Gb  ubl.o [1]
unified_bed_leveling::tilt_mesh_based_on_3pts(float const &, float const &, float const &)
                        0x0803b4cd   0x222  Code  Gb  ubl_G29.o [1]
unified_bed_leveling::tilt_mesh_based_on_probed_grid(bool)
                        0x0803cf89   0x4ee  Code  Gb  ubl_G29.o [1]
unified_bed_leveling::unified_bed_leveling()
                        0x08016ed9    0x16  Code  Gb  ubl.o [1]
unified_bed_leveling::z_correction_for_x_on_horizontal_mesh_line(float const &, int, int)
                        0x0804cfb5   0x1bc  Code  Gb  ubl_motion.o [1]
unified_bed_leveling::z_correction_for_y_on_vertical_mesh_line(float const &, int, int)
                        0x0804d171   0x1d4  Code  Gb  ubl_motion.o [1]
unified_bed_leveling::z_values
                        0x20009500   0x240  Data  Gb  ubl.o [1]
update_software_endstops(AxisEnum)
                        0x0800fc45   0x11e  Code  Gb  Marlin_main.o [1]
uploadPort_available()  0x0804f2e7     0x8  Code  Gb  wifi_upload.o [1]
uploadPort_begin()      0x0804f2ef     0x6  Code  Gb  wifi_upload.o [1]
uploadPort_read()       0x0804f2cb    0x1c  Code  Gb  wifi_upload.o [1]
uploadPort_write(unsigned char const *, unsigned int)
                        0x0804f2a1    0x2a  Code  Gb  wifi_upload.o [1]
upload_result           0x2000b288     0x4  Data  Gb  wifi_module.o [1]
upload_size             0x2000b290     0x4  Data  Gb  wifi_module.o [1]
upload_spin()           0x0804f805   0x17a  Code  Gb  wifi_upload.o [1]
upload_time             0x2000b28c     0x4  Data  Gb  wifi_module.o [1]
usartFifoAvailable(SZ_USART_FIFO *)
                        0x0802b901    0x14  Code  Gb  wifi_module.o [1]
uwTick                  0x2000c680     0x4  Data  Lc  stm32f1xx_hal.o [1]
valid_trig_angle(float)
                        0x0801d997    0x2a  Code  Gb  G26_Mesh_Validation_Tool.o [1]
validate                0x08033909    0x36  Code  Lc  ff.o [1]
vector_3::apply_rotation(matrix_3x3)
                        0x0801c465    0x9c  Code  Gb  vector_3.o [1]
vector_3::cross(vector_3, vector_3)
                        0x0801c2a5    0x86  Code  Gb  vector_3.o [1]
vector_3::get_length()  0x0801c393    0x9e  Code  Gb  vector_3.o [1]
vector_3::get_normal()  0x0801c371    0x22  Code  Gb  vector_3.o [1]
vector_3::normalize()   0x0801c431    0x34  Code  Gb  vector_3.o [1]
vector_3::operator -(vector_3)
                        0x0801c32b    0x46  Code  Gb  vector_3.o [1]
vector_3::vector_3(float, float, float)
                        0x0801c29d     0x8  Code  Gb  vector_3.o [1]
version                 0x0801fb44     0x4  Data  Lc  configuration_store.o [1]
vertical_mesh_line_flags
                        0x20001280    0x40  Data  Lc  G26_Mesh_Validation_Tool.o [1]
wait_for_heatup         0x200013dc     0x1  Data  Gb  Marlin_main.o [1]
waiting_wifi_time       0x2000b434     0x1  Data  Gb  Marlin_main.o [1]
wifiDmaRcvFifo          0x2000c300    0x30  Data  Gb  wifi_module.o [1]
wifiPara                0x2000afc0    0x6c  Data  Gb  wifi_module.o [1]
wifiTransError          0x2000b27c     0xc  Data  Gb  wifi_module.o [1]
wifi_check_time         0x2000c6d1     0x1  Data  Gb  wifi_module.o [1]
wifi_delay(int)         0x08029b9f    0x1e  Code  Gb  wifi_module.o [1]
wifi_firm_ver           0x2000a628    0x14  Data  Gb  wifi_module.o [1]
wifi_gcode_exec(unsigned char *)
                        0x0802a229   0x8c0  Code  Lc  wifi_module.o [1]
wifi_init()             0x0802b70d   0x1ec  Code  Gb  wifi_module.o [1]
wifi_init_flg           0x2000b431     0x1  Data  Gb  Marlin_main.o [1]
wifi_link_state         0x2000b278     0x1  Data  Gb  wifi_module.o [1]
wifi_looping()          0x0802b5e9    0x22  Code  Gb  wifi_module.o [1]
wifi_menu               0x20007810    0x2c  Data  Gb  multi_language.o [1]
wifi_rcv_handle()       0x0802b44d   0x198  Code  Gb  wifi_module.o [1]
wifi_read_count         0x20001774     0x4  Data  Lc  Marlin_main.o [1]
wifi_refresh_flg        0x2000b432     0x1  Data  Gb  Marlin_main.o [1]
wifi_reset()            0x08029bbd    0x38  Code  Gb  wifi_module.o [1]
wifi_ret_ack()          0x08029d2b    0x16  Code  Gb  wifi_module.o [1]
wifi_upload             0x0804fa43    0x70  Code  Gb  wifi_upload.o [1]
workspace_offset        0x20001410     0xc  Data  Gb  Marlin_main.o [1]
writePacket(unsigned char const *, unsigned int, unsigned char const *, unsigned int)
                        0x0804f549    0x28  Code  Gb  wifi_upload.o [1]
writePacketRaw(unsigned char const *, unsigned int, unsigned char const *, unsigned int)
                        0x0804f571    0x28  Code  Gb  wifi_upload.o [1]
writeUsartFifo(SZ_USART_FIFO *, signed char *, int)
                        0x0802b947    0x46  Code  Gb  wifi_module.o [1]
write_to_file(char *, int)
                        0x0802a02f    0x62  Code  Gb  wifi_module.o [1]
x                       0x2000c5eb     0x1  Data  Gb  draw_more.o [1]
xMax                    0x20001920     0x4  Data  Lc  GUI_TOUCH_DriverAnalog.o [3]
xMin                    0x2000191c     0x4  Data  Lc  GUI_TOUCH_DriverAnalog.o [3]
xPhys                   0x20001914     0x4  Data  Lc  GUI_TOUCH_DriverAnalog.o [3]
x_touch                 0x2000c604     0x2  Data  Lc  mks_touch_screen.o [1]
xyMinMax                0x20001904    0x10  Data  Lc  GUI_TOUCH_DriverAnalog.o [3]
xy_probe_feedrate_mm_s  0x2000144c     0x4  Data  Gb  Marlin_main.o [1]
yMax                    0x20001928     0x4  Data  Lc  GUI_TOUCH_DriverAnalog.o [3]
yMin                    0x20001924     0x4  Data  Lc  GUI_TOUCH_DriverAnalog.o [3]
yPhys                   0x20001918     0x4  Data  Lc  GUI_TOUCH_DriverAnalog.o [3]
y_touch                 0x2000c606     0x2  Data  Lc  mks_touch_screen.o [1]
z_endstop_adj           0x2000c554     0x4  Data  Gb  Marlin_main.o [1]
z_high_count            0x2000b43c     0x2  Data  Gb  Marlin_main.o [1]
z_values                0x20009080   0x240  Data  Gb  Marlin_main.o [1]
zoffset_menu            0x200079a4    0x1c  Data  Gb  multi_language.o [1]
zprobe_zoffset          0x20001448     0x4  Data  Gb  Marlin_main.o [1]
zstep                   0x200017f4     0x4  Data  Lc  draw_mesh_leveling.o [1]


[1] = E:\code\Robin_Nano_SVN\branches\robin_nano_tft35_ºŒ∫Ã»˝Œ¨\mksRobin_Nano_code\EWARM\mksRobin2\Obj
[2] = command line
[3] = GUI.a
[4] = dl7M_tlf.a
[5] = m7M_tl.a
[6] = rt7M_tl.a
[7] = shb_l.a

  313 476 bytes of readonly  code memory
   63 597 bytes of readonly  data memory
   61 652 bytes of readwrite data memory

Errors: none
Warnings: none
